18:20:08.975 [main                     ] DEBUG Logger               - Configured Logger
18:20:08.979 [main                     ] DEBUG GameApplication      - Logging settings
Title: OOP Bullet Credits
Version: 1.0
Width: 1280
Height: 720
Fullscreen: true
Intro: false
Profiling: false
Single step:false
App Mode: DEVELOPER
Menu Key: ESCAPE
Stage Style: DECORATED
Scene Factory: class com.almasb.fxgl.app.scene.SceneFactory

18:20:09.295 [JavaFX Application Thread] DEBUG FXGLApplication      - Initializing FXGL
18:20:09.300 [JavaFX Application Thread] INFO  Engine               - FXGL-25 (05.02.2026 22.57) on WINDOWS (J:25.0.3 FX:25.0.1)
18:20:09.300 [JavaFX Application Thread] DEBUG Engine               - JRE Vendor Name: Oracle Corporation
18:20:09.300 [JavaFX Application Thread] DEBUG Engine               - Running on OS: Windows 10 version 10.0
18:20:09.301 [JavaFX Application Thread] DEBUG Engine               - Architecture: amd64
18:20:09.301 [JavaFX Application Thread] INFO  Engine               - Source code and latest versions at: https://github.com/AlmasB/FXGL
18:20:09.301 [JavaFX Application Thread] INFO  Engine               -       Ask questions and discuss at: https://github.com/AlmasB/FXGL/discussions
18:20:09.413 [JavaFX Application Thread] DEBUG PrimaryStageWindow   - Creating a JavaFX scene
18:20:09.463 [JavaFX Application Thread] DEBUG PrimaryStageWindow   - Target settings size: 1280.0 x 720.0
18:20:09.463 [JavaFX Application Thread] DEBUG PrimaryStageWindow   - Scaled scene size:    1280.0 x 720.0
18:20:09.464 [JavaFX Application Thread] DEBUG PrimaryStageWindow   - Scaled ratio: (1.0, 1.0)
18:20:09.465 [JavaFX Application Thread] DEBUG PrimaryStageWindow   - Set initial scene to FXGLStartupScene
18:20:09.471 [JavaFX Application Thread] DEBUG PrimaryStageWindow   - Opening main window
18:20:09.804 [JavaFX Application Thread] DEBUG PrimaryStageWindow   - Window border size: (14.6666259765625, 38.0)
18:20:09.804 [JavaFX Application Thread] DEBUG PrimaryStageWindow   - Scaled size: 1280.0 x 720.0
18:20:09.804 [JavaFX Application Thread] DEBUG PrimaryStageWindow   - Scaled ratio: (1.0, 1.0)
18:20:09.805 [JavaFX Application Thread] DEBUG PrimaryStageWindow   - Scene size: 1280.0 x 720.0
18:20:09.805 [JavaFX Application Thread] DEBUG PrimaryStageWindow   - Stage size: 1294.6666259765625 x 758.0
18:20:09.900 [JavaFX Application Thread] DEBUG PrimaryStageWindow   - Going fullscreen
18:20:09.910 [FXGL Background Thread 1 ] DEBUG Engine               - Initializing environment variables
18:20:09.960 [FXGL Background Thread 1 ] DEBUG FXGLAssetLoaderServi - User app class for loading assets: class ph.edu.dlsu.lbycpob.lbycpobbulletcredits.Main
18:20:09.961 [FXGL Background Thread 1 ] DEBUG GameApplicationServi - Applying CSS: fxgl_dark.css
18:20:09.961 [FXGL Background Thread 1 ] DEBUG FXGLAssetLoaderServi - Loading from file system: jar:file:/C:/Users/ECE/.m2/repository/com/github/almasb/fxgl/25/fxgl-25.jar!/fxglassets/ui/css/fxgl_dark.css
18:20:09.998 [FXGL Background Thread 1 ] DEBUG GameApplicationServi - Initializing application scenes
18:20:10.034 [FXGL Background Thread 1 ] DEBUG GameWorld            - Game world initialized
18:20:10.090 [FXGL Background Thread 1 ] DEBUG PhysicsWorld         - Physics world initialized: appHeight=720, physics.ppm=50.0
18:20:10.090 [FXGL Background Thread 1 ] DEBUG PhysicsWorld         - Using strategy: BRUTE_FORCE
18:20:10.094 [FXGL Background Thread 1 ] DEBUG GameScene            - Game scene initialized: 1280x720
18:20:10.104 [FXGL Background Thread 1 ] DEBUG FXGL.DefaultMenu     - createMenuBodyGameMenu()
18:20:10.115 [FXGL Background Thread 1 ] DEBUG FXGL.DefaultMenu     - createOptionsMenu()
18:20:10.123 [FXGL Background Thread 1 ] DEBUG FXGLAssetLoaderServi - Loading from file system: jar:file:/C:/Users/ECE/.m2/repository/com/github/almasb/fxgl/25/fxgl-25.jar!/fxglassets/textures/particles/smoke.png
18:20:10.184 [FXGL Background Thread 1 ] DEBUG FXGLAssetLoaderServi - Loading from file system: jar:file:/C:/Users/ECE/.m2/repository/com/github/almasb/fxgl/25/fxgl-25.jar!/fxglassets/textures/particles/trace_horizontal.png
18:20:10.204 [FXGL Background Thread 1 ] DEBUG GameApplicationServi - Application scenes initialized
18:20:10.214 [FXGL Background Thread 1 ] DEBUG SystemBundleService  - Loading FXGL system data
18:20:10.215 [FXGL Background Thread 1 ] DEBUG FileSystemAccess     - Reading from: C:\Users\ECE\IdeaProjects\LBYCPOBBulletCredits\system\fxgl.bundle
18:20:10.217 [FXGL Background Thread 1 ] DEBUG SystemBundleService  - Bundle FXGL: {}
18:20:10.217 [FXGL Background Thread 1 ] DEBUG UpdaterService       - Checking for updates
18:20:10.220 [FXGL Background Thread 4 ] DEBUG FXGLApplication      - Loading fonts
18:20:10.220 [FXGL Background Thread 4 ] DEBUG FXGLAssetLoaderServi - Loading from file system: jar:file:/C:/Users/ECE/.m2/repository/com/github/almasb/fxgl/25/fxgl-25.jar!/fxglassets/ui/fonts/VarelaRound-Regular.ttf
18:20:10.220 [FXGL Background Thread 1 ] DEBUG FXGLApplication      - Loading default localization
18:20:10.221 [FXGL Background Thread 1 ] DEBUG FXGLAssetLoaderServi - Loading from file system: jar:file:/C:/Users/ECE/.m2/repository/com/github/almasb/fxgl/25/fxgl-25.jar!/fxglassets/languages/english.lang
18:20:10.226 [FXGL Background Thread 4 ] DEBUG FXGLAssetLoaderServi - Loading from file system: jar:file:/C:/Users/ECE/.m2/repository/com/github/almasb/fxgl/25/fxgl-25.jar!/fxglassets/ui/fonts/Abel-Regular.ttf
18:20:10.230 [FXGL Background Thread 4 ] DEBUG FXGLAssetLoaderServi - Loading from file system: jar:file:/C:/Users/ECE/.m2/repository/com/github/almasb/fxgl/25/fxgl-25.jar!/fxglassets/ui/fonts/TerminalLandMono-Regular.otf
18:20:10.233 [FXGL Background Thread 1 ] INFO  FXGLApplication      - FXGL initialization took: 0.323 sec
18:20:10.241 [FXGL Background Thread 4 ] DEBUG FXGLAssetLoaderServi - Loading from file system: jar:file:/C:/Users/ECE/.m2/repository/com/github/almasb/fxgl/25/fxgl-25.jar!/fxglassets/ui/fonts/Courier-Prime.ttf
18:20:10.249 [JavaFX Application Thread] DEBUG Input                - Registered new binding: Direction W - W
18:20:10.249 [JavaFX Application Thread] DEBUG Input                - Registered new binding: Direction UP - Up
18:20:10.249 [JavaFX Application Thread] DEBUG Input                - Registered new binding: Direction S - S
18:20:10.250 [JavaFX Application Thread] DEBUG Input                - Registered new binding: Direction DOWN - Down
18:20:10.250 [JavaFX Application Thread] DEBUG Input                - Registered new binding: Direction A - A
18:20:10.250 [JavaFX Application Thread] DEBUG Input                - Registered new binding: Direction LEFT - Left
18:20:10.250 [JavaFX Application Thread] DEBUG Input                - Registered new binding: Direction D - D
18:20:10.250 [JavaFX Application Thread] DEBUG Input                - Registered new binding: Direction RIGHT - Right
18:20:10.250 [JavaFX Application Thread] DEBUG Input                - Registered new binding: Start Game - Enter
18:20:10.250 [JavaFX Application Thread] DEBUG Input                - Registered new binding: Pause - P
18:20:10.250 [JavaFX Application Thread] DEBUG Input                - Registered new binding: Retry - R
18:20:10.250 [JavaFX Application Thread] DEBUG Input                - Registered new binding: Exit Game - Esc
18:20:10.251 [JavaFX Application Thread] DEBUG FXGLAssetLoaderServi - Loading from file system: jar:file:/C:/Users/ECE/.m2/repository/com/github/almasb/fxgl/25/fxgl-25.jar!/fxglassets/textures/fxgl_icon.png
18:20:10.264 [JavaFX Application Thread] DEBUG FXGLAssetLoaderServi - Loading from file system: jar:file:/C:/Users/ECE/.m2/repository/com/github/almasb/fxgl/25/fxgl-25.jar!/fxglassets/textures/fxgl_default_cursor.png
18:20:10.266 [JavaFX Application Thread] DEBUG Input                - Registered new binding: Screenshot - CTRL+8
18:20:10.266 [JavaFX Application Thread] DEBUG Input                - Registered new binding: System info dump - CTRL+9
18:20:10.267 [JavaFX Application Thread] DEBUG Input                - Registered new binding: Restart - CTRL+R
18:20:10.267 [JavaFX Application Thread] DEBUG Input                - Registered new binding: Toggle Debug Camera - CTRL+7
18:20:10.269 [JavaFX Application Thread] DEBUG LoopRunner           - Starting loop
18:20:10.269 [JavaFX Application Thread] DEBUG LoopRunner           - Initializing JavaFX AnimationTimerLoop
18:20:10.270 [JavaFX Application Thread] DEBUG GameApplicationServi - Starting new game
18:20:10.271 [JavaFX Application Thread] DEBUG Input                - Clearing active input actions
18:20:10.278 [JavaFX Application Thread] DEBUG GameApplicationServi - Removing overlay from FXGLStartupScene and adding to FXGLLoadingScene
18:20:10.279 [JavaFX Application Thread] DEBUG PrimaryStageWindow   - FXGLStartupScene -> FXGLLoadingScene
18:20:10.279 [JavaFX Application Thread] DEBUG GameApplicationServi - Clearing previous game
18:20:10.279 [JavaFX Application Thread] DEBUG GameScene            - Clearing game scene
18:20:10.279 [JavaFX Application Thread] DEBUG GameWorld            - Clearing game world
18:20:10.279 [JavaFX Application Thread] DEBUG PhysicsWorld         - Clearing physics world
18:20:10.280 [JavaFX Application Thread] DEBUG FXGLApplication      - Registering font factories with UI factory
18:20:10.280 [FXGL Background Thread 4 ] DEBUG FXGLApplication      - Initializing game
18:20:10.316 [FXGL Background Thread 4 ] INFO  FXGLApplication      - Game initialization took: 0.035 sec
18:20:10.316 [JavaFX Application Thread] DEBUG Input                - Clearing active input actions
18:20:10.322 [JavaFX Application Thread] DEBUG GameApplicationServi - Removing overlay from FXGLLoadingScene and adding to GameScene
18:20:10.322 [JavaFX Application Thread] DEBUG PrimaryStageWindow   - FXGLLoadingScene -> GameScene
18:20:13.219 [FXGL Background Thread 3 ] DEBUG Engine               - Logging environment variables
18:20:13.219 [FXGL Background Thread 3 ] DEBUG Engine               - achievements: []
18:20:13.219 [FXGL Background Thread 3 ] DEBUG Engine               - actualHeight: 960.0
18:20:13.219 [FXGL Background Thread 3 ] DEBUG Engine               - actualHeightProperty: ReadOnlyDoubleProperty [value: 960.0]
18:20:13.219 [FXGL Background Thread 3 ] DEBUG Engine               - actualWidth: 1706.6666259765625
18:20:13.219 [FXGL Background Thread 3 ] DEBUG Engine               - actualWidthProperty: ReadOnlyDoubleProperty [value: 1706.6666259765625]
18:20:13.219 [FXGL Background Thread 3 ] DEBUG Engine               - appIcon: fxgl_icon.png
18:20:13.219 [FXGL Background Thread 3 ] DEBUG Engine               - applicationMode: DEVELOPER
18:20:13.219 [FXGL Background Thread 3 ] DEBUG Engine               - cSSList: [fxgl_dark.css]
18:20:13.219 [FXGL Background Thread 3 ] DEBUG Engine               - collisionDetectionStrategy: BRUTE_FORCE
18:20:13.219 [FXGL Background Thread 3 ] DEBUG Engine               - configClass: Optional.empty
18:20:13.219 [FXGL Background Thread 3 ] DEBUG Engine               - credits: []
18:20:13.220 [FXGL Background Thread 3 ] DEBUG Engine               - defaultCursor: CursorInfo(imageName=fxgl_default_cursor.png, hotspotX=7.0, hotspotY=6.0)
18:20:13.220 [FXGL Background Thread 3 ] DEBUG Engine               - devBBoxColorProperty: ObjectProperty [value: 0xff0000ff]
18:20:13.220 [FXGL Background Thread 3 ] DEBUG Engine               - devEnableDebugCameraProperty: BooleanProperty [value: false]
18:20:13.220 [FXGL Background Thread 3 ] DEBUG Engine               - devSensorColorProperty: ObjectProperty [value: 0xffff00ff]
18:20:13.220 [FXGL Background Thread 3 ] DEBUG Engine               - devShowBBoxProperty: BooleanProperty [value: false]
18:20:13.220 [FXGL Background Thread 3 ] DEBUG Engine               - devShowPositionProperty: BooleanProperty [value: false]
18:20:13.220 [FXGL Background Thread 3 ] DEBUG Engine               - enabledMenuItems: []
18:20:13.220 [FXGL Background Thread 3 ] DEBUG Engine               - engineServices: [class com.almasb.fxgl.app.services.FXGLAssetLoaderService, class com.almasb.fxgl.app.FXGLApplication$GameApplicationService, class com.almasb.fxgl.app.services.FXGLDialogService, class com.almasb.fxgl.app.services.IOTaskExecutorService, class com.almasb.fxgl.io.FileSystemService, class com.almasb.fxgl.localization.LocalizationService, class com.almasb.fxgl.app.services.SystemBundleService, class com.almasb.fxgl.profile.SaveLoadService, class com.almasb.fxgl.ui.FXGLUIFactoryServiceProvider, class com.almasb.fxgl.ui.FXGLDialogFactoryServiceProvider, class com.almasb.fxgl.audio.AudioPlayer, class com.almasb.fxgl.notification.impl.NotificationServiceProvider, class com.almasb.fxgl.achievement.AchievementService, class com.almasb.fxgl.cutscene.CutsceneService, class com.almasb.fxgl.minigames.MiniGameService, class com.almasb.fxgl.net.NetService, class com.almasb.fxgl.app.services.UpdaterService, class com.almasb.fxgl.dev.DevService]
18:20:13.220 [FXGL Background Thread 3 ] DEBUG Engine               - fontGame: Abel-Regular.ttf
18:20:13.220 [FXGL Background Thread 3 ] DEBUG Engine               - fontMono: TerminalLandMono-Regular.otf
18:20:13.220 [FXGL Background Thread 3 ] DEBUG Engine               - fontSizeScaleUI: 1.0
18:20:13.220 [FXGL Background Thread 3 ] DEBUG Engine               - fontText: Courier-Prime.ttf
18:20:13.220 [FXGL Background Thread 3 ] DEBUG Engine               - fontUI: VarelaRound-Regular.ttf
18:20:13.220 [FXGL Background Thread 3 ] DEBUG Engine               - fpsRefreshRate: 500.0 ms
18:20:13.220 [FXGL Background Thread 3 ] DEBUG Engine               - fullScreen: BooleanProperty [value: true]
18:20:13.220 [FXGL Background Thread 3 ] DEBUG Engine               - gameDifficulty: MEDIUM
18:20:13.220 [FXGL Background Thread 3 ] DEBUG Engine               - gameDifficultyProperty: ObjectProperty [value: MEDIUM]
18:20:13.220 [FXGL Background Thread 3 ] DEBUG Engine               - globalMusicVolume: 0.5
18:20:13.220 [FXGL Background Thread 3 ] DEBUG Engine               - globalMusicVolumeProperty: DoubleProperty [value: 0.5]
18:20:13.220 [FXGL Background Thread 3 ] DEBUG Engine               - globalSoundVolume: 0.5
18:20:13.220 [FXGL Background Thread 3 ] DEBUG Engine               - globalSoundVolumeProperty: DoubleProperty [value: 0.5]
18:20:13.220 [FXGL Background Thread 3 ] DEBUG Engine               - height: 720
18:20:13.220 [FXGL Background Thread 3 ] DEBUG Engine               - is3D: false
18:20:13.220 [FXGL Background Thread 3 ] DEBUG Engine               - isAndroid: false
18:20:13.221 [FXGL Background Thread 3 ] DEBUG Engine               - isBrowser: false
18:20:13.221 [FXGL Background Thread 3 ] DEBUG Engine               - isClickFeedbackEnabled: false
18:20:13.221 [FXGL Background Thread 3 ] DEBUG Engine               - isCloseConfirmation: false
18:20:13.221 [FXGL Background Thread 3 ] DEBUG Engine               - isDesktop: true
18:20:13.221 [FXGL Background Thread 3 ] DEBUG Engine               - isDeveloperMenuEnabled: false
18:20:13.221 [FXGL Background Thread 3 ] DEBUG Engine               - isEmbedded: false
18:20:13.221 [FXGL Background Thread 3 ] DEBUG Engine               - isEntityPreloadEnabled: true
18:20:13.221 [FXGL Background Thread 3 ] DEBUG Engine               - isExperimentalTiledLargeMap: false
18:20:13.221 [FXGL Background Thread 3 ] DEBUG Engine               - isFileSystemWriteAllowed: true
18:20:13.221 [FXGL Background Thread 3 ] DEBUG Engine               - isFullScreenAllowed: true
18:20:13.221 [FXGL Background Thread 3 ] DEBUG Engine               - isFullScreenFromStart: true
18:20:13.221 [FXGL Background Thread 3 ] DEBUG Engine               - isGameMenuEnabled: true
18:20:13.221 [FXGL Background Thread 3 ] DEBUG Engine               - isIOS: false
18:20:13.221 [FXGL Background Thread 3 ] DEBUG Engine               - isIntroEnabled: false
18:20:13.221 [FXGL Background Thread 3 ] DEBUG Engine               - isLinux: false
18:20:13.221 [FXGL Background Thread 3 ] DEBUG Engine               - isMac: false
18:20:13.221 [FXGL Background Thread 3 ] DEBUG Engine               - isMainMenuEnabled: false
18:20:13.221 [FXGL Background Thread 3 ] DEBUG Engine               - isManualResizeEnabled: false
18:20:13.221 [FXGL Background Thread 3 ] DEBUG Engine               - isMobile: false
18:20:13.221 [FXGL Background Thread 3 ] DEBUG Engine               - isNative: false
18:20:13.221 [FXGL Background Thread 3 ] DEBUG Engine               - isPauseMusicWhenMinimized: true
18:20:13.221 [FXGL Background Thread 3 ] DEBUG Engine               - isPreserveResizeRatio: false
18:20:13.221 [FXGL Background Thread 3 ] DEBUG Engine               - isProfilingEnabled: false
18:20:13.221 [FXGL Background Thread 3 ] DEBUG Engine               - isScaleAffectedOnResize: true
18:20:13.221 [FXGL Background Thread 3 ] DEBUG Engine               - isSingleStep: false
18:20:13.221 [FXGL Background Thread 3 ] DEBUG Engine               - isUserProfileEnabled: false
18:20:13.221 [FXGL Background Thread 3 ] DEBUG Engine               - isWindows: true
18:20:13.221 [FXGL Background Thread 3 ] DEBUG Engine               - language: ObjectProperty [value: ENGLISH]
18:20:13.221 [FXGL Background Thread 3 ] DEBUG Engine               - menuKey: ESCAPE
18:20:13.221 [FXGL Background Thread 3 ] DEBUG Engine               - mouseSensitivity: 0.2
18:20:13.221 [FXGL Background Thread 3 ] DEBUG Engine               - notificationViewClass: class com.almasb.fxgl.notification.view.XboxNotificationView
18:20:13.221 [FXGL Background Thread 3 ] DEBUG Engine               - pixelsPerMeter: 50.0
18:20:13.221 [FXGL Background Thread 3 ] DEBUG Engine               - platform: WINDOWS
18:20:13.221 [FXGL Background Thread 3 ] DEBUG Engine               - prefHeightProperty: ReadOnlyDoubleProperty [value: 720.0]
18:20:13.222 [FXGL Background Thread 3 ] DEBUG Engine               - prefWidthProperty: ReadOnlyDoubleProperty [value: 1280.0]
18:20:13.222 [FXGL Background Thread 3 ] DEBUG Engine               - profileDir: profiles/
18:20:13.222 [FXGL Background Thread 3 ] DEBUG Engine               - profileName: StringProperty [value: DEFAULT]
18:20:13.222 [FXGL Background Thread 3 ] DEBUG Engine               - randomSeed: -1
18:20:13.222 [FXGL Background Thread 3 ] DEBUG Engine               - runtimeInfo: RuntimeInfo(platform=WINDOWS, version=25, build=05.02.2026 22.57)
18:20:13.222 [FXGL Background Thread 3 ] DEBUG Engine               - saveFileExt: sav
18:20:13.222 [FXGL Background Thread 3 ] DEBUG Engine               - scaledHeightProp$fxgl: DoubleProperty [bound, value: 960.0]
18:20:13.222 [FXGL Background Thread 3 ] DEBUG Engine               - scaledWidthProp$fxgl: DoubleProperty [bound, value: 1706.6666259765625]
18:20:13.222 [FXGL Background Thread 3 ] DEBUG Engine               - sceneFactory: com.almasb.fxgl.app.scene.SceneFactory@65aecfb6
18:20:13.222 [FXGL Background Thread 3 ] DEBUG Engine               - secondsIn24h: 60
18:20:13.222 [FXGL Background Thread 3 ] DEBUG Engine               - soundMenuBack: menu/back.wav
18:20:13.222 [FXGL Background Thread 3 ] DEBUG Engine               - soundMenuPress: menu/press.wav
18:20:13.222 [FXGL Background Thread 3 ] DEBUG Engine               - soundMenuSelect: menu/select.wav
18:20:13.222 [FXGL Background Thread 3 ] DEBUG Engine               - soundNotification: core/notification.wav
18:20:13.222 [FXGL Background Thread 3 ] DEBUG Engine               - stageStyle: DECORATED
18:20:13.222 [FXGL Background Thread 3 ] DEBUG Engine               - supportedLanguages: [ENGLISH, FRENCH, GERMAN, HUNGARIAN, RUSSIAN]
18:20:13.222 [FXGL Background Thread 3 ] DEBUG Engine               - ticksPerSecond: -1
18:20:13.222 [FXGL Background Thread 3 ] DEBUG Engine               - title: OOP Bullet Credits
18:20:13.222 [FXGL Background Thread 3 ] DEBUG Engine               - urlGithub: https://github.com/AlmasB/FXGL
18:20:13.222 [FXGL Background Thread 3 ] DEBUG Engine               - urlLeaderboard: http://fxgl-top.herokuapp.com/
18:20:13.222 [FXGL Background Thread 3 ] DEBUG Engine               - urlPOM: https://raw.githubusercontent.com/AlmasB/FXGL/release/README.md
18:20:13.222 [FXGL Background Thread 3 ] DEBUG Engine               - userAppClass: class ph.edu.dlsu.lbycpob.lbycpobbulletcredits.Main
18:20:13.222 [FXGL Background Thread 3 ] DEBUG Engine               - version: 1.0
18:20:13.222 [FXGL Background Thread 3 ] DEBUG Engine               - versionCheckDays: 7
18:20:13.222 [FXGL Background Thread 3 ] DEBUG Engine               - width: 1280
18:20:13.222 [FXGL Background Thread 3 ] DEBUG Engine               - Logging services
18:20:13.222 [FXGL Background Thread 3 ] DEBUG Engine               - class com.almasb.fxgl.app.services.FXGLAssetLoaderService
18:20:13.222 [FXGL Background Thread 3 ] DEBUG Engine               - class com.almasb.fxgl.app.FXGLApplication$GameApplicationService
18:20:13.222 [FXGL Background Thread 3 ] DEBUG Engine               - class com.almasb.fxgl.app.services.FXGLDialogService
18:20:13.222 [FXGL Background Thread 3 ] DEBUG Engine               - class com.almasb.fxgl.app.services.IOTaskExecutorService
18:20:13.222 [FXGL Background Thread 3 ] DEBUG Engine               - class com.almasb.fxgl.io.FileSystemService
18:20:13.222 [FXGL Background Thread 3 ] DEBUG Engine               - class com.almasb.fxgl.localization.LocalizationService
18:20:13.222 [FXGL Background Thread 3 ] DEBUG Engine               - class com.almasb.fxgl.app.services.SystemBundleService
18:20:13.223 [FXGL Background Thread 3 ] DEBUG Engine               - class com.almasb.fxgl.profile.SaveLoadService
18:20:13.223 [FXGL Background Thread 3 ] DEBUG Engine               - class com.almasb.fxgl.ui.FXGLUIFactoryServiceProvider
18:20:13.223 [FXGL Background Thread 3 ] DEBUG Engine               - class com.almasb.fxgl.ui.FXGLDialogFactoryServiceProvider
18:20:13.223 [FXGL Background Thread 3 ] DEBUG Engine               - class com.almasb.fxgl.audio.AudioPlayer
18:20:13.223 [FXGL Background Thread 3 ] DEBUG Engine               - class com.almasb.fxgl.notification.impl.NotificationServiceProvider
18:20:13.223 [FXGL Background Thread 3 ] DEBUG Engine               - class com.almasb.fxgl.achievement.AchievementService
18:20:13.223 [FXGL Background Thread 3 ] DEBUG Engine               - class com.almasb.fxgl.cutscene.CutsceneService
18:20:13.223 [FXGL Background Thread 3 ] DEBUG Engine               - class com.almasb.fxgl.minigames.MiniGameService
18:20:13.223 [FXGL Background Thread 3 ] DEBUG Engine               - class com.almasb.fxgl.net.NetService
18:20:13.223 [FXGL Background Thread 3 ] DEBUG Engine               - class com.almasb.fxgl.app.services.UpdaterService
18:20:13.223 [FXGL Background Thread 3 ] DEBUG Engine               - class com.almasb.fxgl.dev.DevService
18:20:15.662 [JavaFX Application Thread] DEBUG PrimaryStageWindow   - Push state: FXGLDefaultMenu
18:20:15.665 [JavaFX Application Thread] DEBUG Input                - Clearing active input actions
18:20:15.669 [JavaFX Application Thread] DEBUG GameApplicationServi - Removing overlay from GameScene and adding to FXGLDefaultMenu
18:20:15.669 [JavaFX Application Thread] DEBUG PrimaryStageWindow   - GameScene -> FXGLDefaultMenu
18:20:23.627 [JavaFX Application Thread] DEBUG Menu                 - fireExit()
18:20:23.629 [JavaFX Application Thread] DEBUG PrimaryStageWindow   - Push state: DialogSubScene
18:20:23.629 [JavaFX Application Thread] DEBUG Input                - Clearing active input actions
18:20:23.629 [JavaFX Application Thread] DEBUG GameApplicationServi - Removing overlay from FXGLDefaultMenu and adding to DialogSubScene
18:20:23.629 [JavaFX Application Thread] DEBUG PrimaryStageWindow   - FXGLDefaultMenu -> DialogSubScene
18:20:27.905 [JavaFX Application Thread] DEBUG PrimaryStageWindow   - Pop state: DialogSubScene
18:20:27.905 [JavaFX Application Thread] DEBUG Input                - Clearing active input actions
18:20:27.906 [JavaFX Application Thread] DEBUG GameApplicationServi - Removing overlay from DialogSubScene and adding to FXGLDefaultMenu
18:20:27.906 [JavaFX Application Thread] DEBUG PrimaryStageWindow   - FXGLDefaultMenu <- DialogSubScene
18:20:27.906 [JavaFX Application Thread] DEBUG FXGLApplication      - Exiting FXGL
18:20:27.906 [JavaFX Application Thread] DEBUG LoopRunner           - Stopping loop
18:20:27.906 [JavaFX Application Thread] DEBUG SystemBundleService  - Saving FXGL system data
18:20:27.907 [JavaFX Application Thread] DEBUG FileSystemAccess     - Writing to: C:\Users\ECE\IdeaProjects\LBYCPOBBulletCredits\system\fxgl.bundle
18:20:27.908 [JavaFX Application Thread] DEBUG Async                - Shutting down background threads
18:20:27.908 [JavaFX Application Thread] DEBUG PrimaryStageWindow   - Closing main window
18:20:27.923 [JavaFX Application Thread] DEBUG Logger               - Closing Logger
