23:58:11.053 [main                     ] DEBUG Logger               - Configured Logger
23:58:11.058 [main                     ] DEBUG GameApplication      - Logging settings
Title: Breakout - LBYCPOB OOP Sample
Version: 3.0
Width: 800
Height: 800
Fullscreen: false
Intro: false
Profiling: false
Single step:false
App Mode: DEVELOPER
Menu Key: ESCAPE
Stage Style: DECORATED
Scene Factory: class com.almasb.fxgl.app.scene.SceneFactory

23:58:11.513 [JavaFX Application Thread] DEBUG FXGLApplication      - Initializing FXGL
23:58:11.521 [JavaFX Application Thread] INFO  Engine               - FXGL-25 (05.02.2026 22.57) on WINDOWS (J:25.0.3 FX:25.0.1)
23:58:11.522 [JavaFX Application Thread] DEBUG Engine               - JRE Vendor Name: Oracle Corporation
23:58:11.522 [JavaFX Application Thread] DEBUG Engine               - Running on OS: Windows 10 version 10.0
23:58:11.522 [JavaFX Application Thread] DEBUG Engine               - Architecture: amd64
23:58:11.522 [JavaFX Application Thread] INFO  Engine               - Source code and latest versions at: https://github.com/AlmasB/FXGL
23:58:11.522 [JavaFX Application Thread] INFO  Engine               -       Ask questions and discuss at: https://github.com/AlmasB/FXGL/discussions
23:58:11.674 [JavaFX Application Thread] DEBUG PrimaryStageWindow   - Creating a JavaFX scene
23:58:11.740 [JavaFX Application Thread] DEBUG PrimaryStageWindow   - Target settings size: 800.0 x 800.0
23:58:11.740 [JavaFX Application Thread] DEBUG PrimaryStageWindow   - Scaled scene size:    800.0 x 800.0
23:58:11.740 [JavaFX Application Thread] DEBUG PrimaryStageWindow   - Scaled ratio: (1.0, 1.0)
23:58:11.742 [JavaFX Application Thread] DEBUG PrimaryStageWindow   - Set initial scene to FXGLStartupScene
23:58:11.747 [JavaFX Application Thread] DEBUG PrimaryStageWindow   - Opening main window
23:58:12.115 [JavaFX Application Thread] DEBUG PrimaryStageWindow   - Window border size: (14.66668701171875, 38.0)
23:58:12.115 [JavaFX Application Thread] DEBUG PrimaryStageWindow   - Scaled size: 800.0 x 800.0
23:58:12.115 [JavaFX Application Thread] DEBUG PrimaryStageWindow   - Scaled ratio: (1.0, 1.0)
23:58:12.115 [JavaFX Application Thread] DEBUG PrimaryStageWindow   - Scene size: 800.0 x 800.0
23:58:12.116 [JavaFX Application Thread] DEBUG PrimaryStageWindow   - Stage size: 814.6666870117188 x 838.0
23:58:12.128 [FXGL Background Thread 1 ] DEBUG Engine               - Initializing environment variables
23:58:12.200 [FXGL Background Thread 1 ] DEBUG FXGLAssetLoaderServi - User app class for loading assets: class ph.edu.dlsu.lbycpob.breakoutfxgl.app.BreakoutApp
23:58:12.200 [FXGL Background Thread 1 ] DEBUG GameApplicationServi - Applying CSS: fxgl_dark.css
23:58:12.202 [FXGL Background Thread 1 ] DEBUG FXGLAssetLoaderServi - Loading from file system: jar:file:/C:/Users/ECE/.m2/repository/com/github/almasb/fxgl/25/fxgl-25.jar!/fxglassets/ui/css/fxgl_dark.css
23:58:12.256 [FXGL Background Thread 1 ] DEBUG GameApplicationServi - Initializing application scenes
23:58:12.309 [FXGL Background Thread 1 ] DEBUG GameWorld            - Game world initialized
23:58:12.369 [FXGL Background Thread 1 ] DEBUG PhysicsWorld         - Physics world initialized: appHeight=800, physics.ppm=50.0
23:58:12.370 [FXGL Background Thread 1 ] DEBUG PhysicsWorld         - Using strategy: BRUTE_FORCE
23:58:12.376 [FXGL Background Thread 1 ] DEBUG GameScene            - Game scene initialized: 800x800
23:58:12.390 [FXGL Background Thread 1 ] DEBUG FXGL.DefaultMenu     - createMenuBodyGameMenu()
23:58:12.410 [FXGL Background Thread 1 ] DEBUG FXGL.DefaultMenu     - createOptionsMenu()
23:58:12.421 [FXGL Background Thread 1 ] DEBUG FXGLAssetLoaderServi - Loading from file system: jar:file:/C:/Users/ECE/.m2/repository/com/github/almasb/fxgl/25/fxgl-25.jar!/fxglassets/textures/particles/smoke.png
23:58:12.509 [FXGL Background Thread 1 ] DEBUG FXGLAssetLoaderServi - Loading from file system: jar:file:/C:/Users/ECE/.m2/repository/com/github/almasb/fxgl/25/fxgl-25.jar!/fxglassets/textures/particles/trace_horizontal.png
23:58:12.532 [FXGL Background Thread 1 ] DEBUG GameApplicationServi - Application scenes initialized
23:58:12.545 [FXGL Background Thread 1 ] DEBUG SystemBundleService  - Loading FXGL system data
23:58:12.546 [FXGL Background Thread 1 ] DEBUG FileSystemAccess     - Reading from: C:\Users\ECE\IdeaProjects\BreakoutFXGL\system\fxgl.bundle
23:58:12.548 [FXGL Background Thread 1 ] DEBUG SystemBundleService  - Bundle FXGL: {}
23:58:12.548 [FXGL Background Thread 1 ] DEBUG UpdaterService       - Checking for updates
23:58:12.552 [FXGL Background Thread 4 ] DEBUG FXGLApplication      - Loading fonts
23:58:12.553 [FXGL Background Thread 4 ] DEBUG FXGLAssetLoaderServi - Loading from file system: jar:file:/C:/Users/ECE/.m2/repository/com/github/almasb/fxgl/25/fxgl-25.jar!/fxglassets/ui/fonts/VarelaRound-Regular.ttf
23:58:12.553 [FXGL Background Thread 1 ] DEBUG FXGLApplication      - Loading default localization
23:58:12.553 [FXGL Background Thread 1 ] DEBUG FXGLAssetLoaderServi - Loading from file system: jar:file:/C:/Users/ECE/.m2/repository/com/github/almasb/fxgl/25/fxgl-25.jar!/fxglassets/languages/english.lang
23:58:12.562 [FXGL Background Thread 4 ] DEBUG FXGLAssetLoaderServi - Loading from file system: jar:file:/C:/Users/ECE/.m2/repository/com/github/almasb/fxgl/25/fxgl-25.jar!/fxglassets/ui/fonts/Abel-Regular.ttf
23:58:12.567 [FXGL Background Thread 4 ] DEBUG FXGLAssetLoaderServi - Loading from file system: jar:file:/C:/Users/ECE/.m2/repository/com/github/almasb/fxgl/25/fxgl-25.jar!/fxglassets/ui/fonts/TerminalLandMono-Regular.otf
23:58:12.568 [FXGL Background Thread 1 ] INFO  FXGLApplication      - FXGL initialization took: 0.439 sec
23:58:12.580 [FXGL Background Thread 4 ] DEBUG FXGLAssetLoaderServi - Loading from file system: jar:file:/C:/Users/ECE/.m2/repository/com/github/almasb/fxgl/25/fxgl-25.jar!/fxglassets/ui/fonts/Courier-Prime.ttf
23:58:12.591 [JavaFX Application Thread] DEBUG Input                - Registered new binding: Move Left - Left
23:58:12.591 [JavaFX Application Thread] DEBUG Input                - Registered new binding: Move Right - Right
23:58:12.591 [JavaFX Application Thread] DEBUG Input                - Registered new binding: Move Left A - A
23:58:12.591 [JavaFX Application Thread] DEBUG Input                - Registered new binding: Move Right D - D
23:58:12.591 [JavaFX Application Thread] DEBUG Input                - Registered new binding: Restart Game - R
23:58:12.591 [JavaFX Application Thread] DEBUG Input                - Registered new binding: Toggle Mute - M
23:58:12.592 [JavaFX Application Thread] DEBUG FXGLAssetLoaderServi - Loading from file system: jar:file:/C:/Users/ECE/.m2/repository/com/github/almasb/fxgl/25/fxgl-25.jar!/fxglassets/textures/fxgl_icon.png
23:58:12.611 [JavaFX Application Thread] DEBUG FXGLAssetLoaderServi - Loading from file system: jar:file:/C:/Users/ECE/.m2/repository/com/github/almasb/fxgl/25/fxgl-25.jar!/fxglassets/textures/fxgl_default_cursor.png
23:58:12.613 [JavaFX Application Thread] DEBUG Input                - Registered new binding: Screenshot - CTRL+8
23:58:12.614 [JavaFX Application Thread] DEBUG Input                - Registered new binding: System info dump - CTRL+9
23:58:12.614 [JavaFX Application Thread] DEBUG Input                - Registered new binding: Restart - CTRL+R
23:58:12.615 [JavaFX Application Thread] DEBUG Input                - Registered new binding: Toggle Debug Camera - CTRL+7
23:58:12.618 [JavaFX Application Thread] DEBUG LoopRunner           - Starting loop
23:58:12.618 [JavaFX Application Thread] DEBUG LoopRunner           - Initializing JavaFX AnimationTimerLoop
23:58:12.621 [JavaFX Application Thread] DEBUG GameApplicationServi - Starting new game
23:58:12.622 [JavaFX Application Thread] DEBUG Input                - Clearing active input actions
23:58:12.633 [JavaFX Application Thread] DEBUG GameApplicationServi - Removing overlay from FXGLStartupScene and adding to FXGLLoadingScene
23:58:12.634 [JavaFX Application Thread] DEBUG PrimaryStageWindow   - FXGLStartupScene -> FXGLLoadingScene
23:58:12.634 [JavaFX Application Thread] DEBUG GameApplicationServi - Clearing previous game
23:58:12.634 [JavaFX Application Thread] DEBUG GameScene            - Clearing game scene
23:58:12.634 [JavaFX Application Thread] DEBUG GameWorld            - Clearing game world
23:58:12.634 [JavaFX Application Thread] DEBUG PhysicsWorld         - Clearing physics world
23:58:12.636 [FXGL Background Thread 4 ] DEBUG FXGLApplication      - Initializing game
23:58:12.638 [JavaFX Application Thread] DEBUG FXGLApplication      - Registering font factories with UI factory
23:58:12.849 [FXGL Background Thread 4 ] INFO  FXGLApplication      - Game initialization took: 0.211 sec
23:58:12.850 [JavaFX Application Thread] DEBUG Input                - Clearing active input actions
23:58:12.863 [JavaFX Application Thread] DEBUG GameApplicationServi - Removing overlay from FXGLLoadingScene and adding to GameScene
23:58:12.864 [JavaFX Application Thread] DEBUG PrimaryStageWindow   - FXGLLoadingScene -> GameScene
23:58:15.553 [FXGL Background Thread 3 ] DEBUG Engine               - Logging environment variables
23:58:15.554 [FXGL Background Thread 3 ] DEBUG Engine               - achievements: []
23:58:15.554 [FXGL Background Thread 3 ] DEBUG Engine               - actualHeight: 800.0
23:58:15.555 [FXGL Background Thread 3 ] DEBUG Engine               - actualHeightProperty: ReadOnlyDoubleProperty [value: 800.0]
23:58:15.555 [FXGL Background Thread 3 ] DEBUG Engine               - actualWidth: 800.0
23:58:15.555 [FXGL Background Thread 3 ] DEBUG Engine               - actualWidthProperty: ReadOnlyDoubleProperty [value: 800.0]
23:58:15.555 [FXGL Background Thread 3 ] DEBUG Engine               - appIcon: fxgl_icon.png
23:58:15.555 [FXGL Background Thread 3 ] DEBUG Engine               - applicationMode: DEVELOPER
23:58:15.555 [FXGL Background Thread 3 ] DEBUG Engine               - cSSList: [fxgl_dark.css]
23:58:15.556 [FXGL Background Thread 3 ] DEBUG Engine               - collisionDetectionStrategy: BRUTE_FORCE
23:58:15.556 [FXGL Background Thread 3 ] DEBUG Engine               - configClass: Optional.empty
23:58:15.556 [FXGL Background Thread 3 ] DEBUG Engine               - credits: []
23:58:15.557 [FXGL Background Thread 3 ] DEBUG Engine               - defaultCursor: CursorInfo(imageName=fxgl_default_cursor.png, hotspotX=7.0, hotspotY=6.0)
23:58:15.558 [FXGL Background Thread 3 ] DEBUG Engine               - devBBoxColorProperty: ObjectProperty [value: 0xff0000ff]
23:58:15.558 [FXGL Background Thread 3 ] DEBUG Engine               - devEnableDebugCameraProperty: BooleanProperty [value: false]
23:58:15.558 [FXGL Background Thread 3 ] DEBUG Engine               - devSensorColorProperty: ObjectProperty [value: 0xffff00ff]
23:58:15.558 [FXGL Background Thread 3 ] DEBUG Engine               - devShowBBoxProperty: BooleanProperty [value: false]
23:58:15.559 [FXGL Background Thread 3 ] DEBUG Engine               - devShowPositionProperty: BooleanProperty [value: false]
23:58:15.559 [FXGL Background Thread 3 ] DEBUG Engine               - enabledMenuItems: []
23:58:15.559 [FXGL Background Thread 3 ] DEBUG Engine               - engineServices: [class com.almasb.fxgl.app.services.FXGLAssetLoaderService, class com.almasb.fxgl.app.FXGLApplication$GameApplicationService, class com.almasb.fxgl.app.services.FXGLDialogService, class com.almasb.fxgl.app.services.IOTaskExecutorService, class com.almasb.fxgl.io.FileSystemService, class com.almasb.fxgl.localization.LocalizationService, class com.almasb.fxgl.app.services.SystemBundleService, class com.almasb.fxgl.profile.SaveLoadService, class com.almasb.fxgl.ui.FXGLUIFactoryServiceProvider, class com.almasb.fxgl.ui.FXGLDialogFactoryServiceProvider, class com.almasb.fxgl.audio.AudioPlayer, class com.almasb.fxgl.notification.impl.NotificationServiceProvider, class com.almasb.fxgl.achievement.AchievementService, class com.almasb.fxgl.cutscene.CutsceneService, class com.almasb.fxgl.minigames.MiniGameService, class com.almasb.fxgl.net.NetService, class com.almasb.fxgl.app.services.UpdaterService, class com.almasb.fxgl.dev.DevService]
23:58:15.559 [FXGL Background Thread 3 ] DEBUG Engine               - fontGame: Abel-Regular.ttf
23:58:15.559 [FXGL Background Thread 3 ] DEBUG Engine               - fontMono: TerminalLandMono-Regular.otf
23:58:15.559 [FXGL Background Thread 3 ] DEBUG Engine               - fontSizeScaleUI: 1.0
23:58:15.560 [FXGL Background Thread 3 ] DEBUG Engine               - fontText: Courier-Prime.ttf
23:58:15.560 [FXGL Background Thread 3 ] DEBUG Engine               - fontUI: VarelaRound-Regular.ttf
23:58:15.560 [FXGL Background Thread 3 ] DEBUG Engine               - fpsRefreshRate: 500.0 ms
23:58:15.560 [FXGL Background Thread 3 ] DEBUG Engine               - fullScreen: BooleanProperty [value: false]
23:58:15.560 [FXGL Background Thread 3 ] DEBUG Engine               - gameDifficulty: MEDIUM
23:58:15.561 [FXGL Background Thread 3 ] DEBUG Engine               - gameDifficultyProperty: ObjectProperty [value: MEDIUM]
23:58:15.561 [FXGL Background Thread 3 ] DEBUG Engine               - globalMusicVolume: 0.5
23:58:15.561 [FXGL Background Thread 3 ] DEBUG Engine               - globalMusicVolumeProperty: DoubleProperty [value: 0.5]
23:58:15.561 [FXGL Background Thread 3 ] DEBUG Engine               - globalSoundVolume: 0.5
23:58:15.561 [FXGL Background Thread 3 ] DEBUG Engine               - globalSoundVolumeProperty: DoubleProperty [value: 0.5]
23:58:15.561 [FXGL Background Thread 3 ] DEBUG Engine               - height: 800
23:58:15.561 [FXGL Background Thread 3 ] DEBUG Engine               - is3D: false
23:58:15.562 [FXGL Background Thread 3 ] DEBUG Engine               - isAndroid: false
23:58:15.562 [FXGL Background Thread 3 ] DEBUG Engine               - isBrowser: false
23:58:15.562 [FXGL Background Thread 3 ] DEBUG Engine               - isClickFeedbackEnabled: false
23:58:15.562 [FXGL Background Thread 3 ] DEBUG Engine               - isCloseConfirmation: false
23:58:15.562 [FXGL Background Thread 3 ] DEBUG Engine               - isDesktop: true
23:58:15.562 [FXGL Background Thread 3 ] DEBUG Engine               - isDeveloperMenuEnabled: false
23:58:15.562 [FXGL Background Thread 3 ] DEBUG Engine               - isEmbedded: false
23:58:15.563 [FXGL Background Thread 3 ] DEBUG Engine               - isEntityPreloadEnabled: true
23:58:15.563 [FXGL Background Thread 3 ] DEBUG Engine               - isExperimentalTiledLargeMap: false
23:58:15.563 [FXGL Background Thread 3 ] DEBUG Engine               - isFileSystemWriteAllowed: true
23:58:15.563 [FXGL Background Thread 3 ] DEBUG Engine               - isFullScreenAllowed: false
23:58:15.563 [FXGL Background Thread 3 ] DEBUG Engine               - isFullScreenFromStart: false
23:58:15.563 [FXGL Background Thread 3 ] DEBUG Engine               - isGameMenuEnabled: true
23:58:15.563 [FXGL Background Thread 3 ] DEBUG Engine               - isIOS: false
23:58:15.563 [FXGL Background Thread 3 ] DEBUG Engine               - isIntroEnabled: false
23:58:15.563 [FXGL Background Thread 3 ] DEBUG Engine               - isLinux: false
23:58:15.564 [FXGL Background Thread 3 ] DEBUG Engine               - isMac: false
23:58:15.564 [FXGL Background Thread 3 ] DEBUG Engine               - isMainMenuEnabled: false
23:58:15.564 [FXGL Background Thread 3 ] DEBUG Engine               - isManualResizeEnabled: false
23:58:15.564 [FXGL Background Thread 3 ] DEBUG Engine               - isMobile: false
23:58:15.564 [FXGL Background Thread 3 ] DEBUG Engine               - isNative: false
23:58:15.564 [FXGL Background Thread 3 ] DEBUG Engine               - isPauseMusicWhenMinimized: true
23:58:15.564 [FXGL Background Thread 3 ] DEBUG Engine               - isPreserveResizeRatio: false
23:58:15.565 [FXGL Background Thread 3 ] DEBUG Engine               - isProfilingEnabled: false
23:58:15.565 [FXGL Background Thread 3 ] DEBUG Engine               - isScaleAffectedOnResize: true
23:58:15.565 [FXGL Background Thread 3 ] DEBUG Engine               - isSingleStep: false
23:58:15.565 [FXGL Background Thread 3 ] DEBUG Engine               - isUserProfileEnabled: false
23:58:15.565 [FXGL Background Thread 3 ] DEBUG Engine               - isWindows: true
23:58:15.565 [FXGL Background Thread 3 ] DEBUG Engine               - language: ObjectProperty [value: ENGLISH]
23:58:15.565 [FXGL Background Thread 3 ] DEBUG Engine               - menuKey: ESCAPE
23:58:15.565 [FXGL Background Thread 3 ] DEBUG Engine               - mouseSensitivity: 0.2
23:58:15.565 [FXGL Background Thread 3 ] DEBUG Engine               - notificationViewClass: class com.almasb.fxgl.notification.view.XboxNotificationView
23:58:15.565 [FXGL Background Thread 3 ] DEBUG Engine               - pixelsPerMeter: 50.0
23:58:15.566 [FXGL Background Thread 3 ] DEBUG Engine               - platform: WINDOWS
23:58:15.566 [FXGL Background Thread 3 ] DEBUG Engine               - prefHeightProperty: ReadOnlyDoubleProperty [value: 800.0]
23:58:15.566 [FXGL Background Thread 3 ] DEBUG Engine               - prefWidthProperty: ReadOnlyDoubleProperty [value: 800.0]
23:58:15.566 [FXGL Background Thread 3 ] DEBUG Engine               - profileDir: profiles/
23:58:15.566 [FXGL Background Thread 3 ] DEBUG Engine               - profileName: StringProperty [value: DEFAULT]
23:58:15.566 [FXGL Background Thread 3 ] DEBUG Engine               - randomSeed: -1
23:58:15.567 [FXGL Background Thread 3 ] DEBUG Engine               - runtimeInfo: RuntimeInfo(platform=WINDOWS, version=25, build=05.02.2026 22.57)
23:58:15.567 [FXGL Background Thread 3 ] DEBUG Engine               - saveFileExt: sav
23:58:15.567 [FXGL Background Thread 3 ] DEBUG Engine               - scaledHeightProp$fxgl: DoubleProperty [bound, value: 800.0]
23:58:15.567 [FXGL Background Thread 3 ] DEBUG Engine               - scaledWidthProp$fxgl: DoubleProperty [bound, value: 800.0]
23:58:15.568 [FXGL Background Thread 3 ] DEBUG Engine               - sceneFactory: com.almasb.fxgl.app.scene.SceneFactory@34ac5c88
23:58:15.568 [FXGL Background Thread 3 ] DEBUG Engine               - secondsIn24h: 60
23:58:15.568 [FXGL Background Thread 3 ] DEBUG Engine               - soundMenuBack: menu/back.wav
23:58:15.568 [FXGL Background Thread 3 ] DEBUG Engine               - soundMenuPress: menu/press.wav
23:58:15.568 [FXGL Background Thread 3 ] DEBUG Engine               - soundMenuSelect: menu/select.wav
23:58:15.568 [FXGL Background Thread 3 ] DEBUG Engine               - soundNotification: core/notification.wav
23:58:15.568 [FXGL Background Thread 3 ] DEBUG Engine               - stageStyle: DECORATED
23:58:15.568 [FXGL Background Thread 3 ] DEBUG Engine               - supportedLanguages: [ENGLISH, FRENCH, GERMAN, HUNGARIAN, RUSSIAN]
23:58:15.568 [FXGL Background Thread 3 ] DEBUG Engine               - ticksPerSecond: -1
23:58:15.568 [FXGL Background Thread 3 ] DEBUG Engine               - title: Breakout - LBYCPOB OOP Sample
23:58:15.568 [FXGL Background Thread 3 ] DEBUG Engine               - urlGithub: https://github.com/AlmasB/FXGL
23:58:15.568 [FXGL Background Thread 3 ] DEBUG Engine               - urlLeaderboard: http://fxgl-top.herokuapp.com/
23:58:15.568 [FXGL Background Thread 3 ] DEBUG Engine               - urlPOM: https://raw.githubusercontent.com/AlmasB/FXGL/release/README.md
23:58:15.569 [FXGL Background Thread 3 ] DEBUG Engine               - userAppClass: class ph.edu.dlsu.lbycpob.breakoutfxgl.app.BreakoutApp
23:58:15.569 [FXGL Background Thread 3 ] DEBUG Engine               - version: 3.0
23:58:15.569 [FXGL Background Thread 3 ] DEBUG Engine               - versionCheckDays: 7
23:58:15.569 [FXGL Background Thread 3 ] DEBUG Engine               - width: 800
23:58:15.569 [FXGL Background Thread 3 ] DEBUG Engine               - Logging services
23:58:15.569 [FXGL Background Thread 3 ] DEBUG Engine               - class com.almasb.fxgl.app.services.FXGLAssetLoaderService
23:58:15.569 [FXGL Background Thread 3 ] DEBUG Engine               - class com.almasb.fxgl.app.FXGLApplication$GameApplicationService
23:58:15.569 [FXGL Background Thread 3 ] DEBUG Engine               - class com.almasb.fxgl.app.services.FXGLDialogService
23:58:15.569 [FXGL Background Thread 3 ] DEBUG Engine               - class com.almasb.fxgl.app.services.IOTaskExecutorService
23:58:15.570 [FXGL Background Thread 3 ] DEBUG Engine               - class com.almasb.fxgl.io.FileSystemService
23:58:15.570 [FXGL Background Thread 3 ] DEBUG Engine               - class com.almasb.fxgl.localization.LocalizationService
23:58:15.570 [FXGL Background Thread 3 ] DEBUG Engine               - class com.almasb.fxgl.app.services.SystemBundleService
23:58:15.570 [FXGL Background Thread 3 ] DEBUG Engine               - class com.almasb.fxgl.profile.SaveLoadService
23:58:15.570 [FXGL Background Thread 3 ] DEBUG Engine               - class com.almasb.fxgl.ui.FXGLUIFactoryServiceProvider
23:58:15.570 [FXGL Background Thread 3 ] DEBUG Engine               - class com.almasb.fxgl.ui.FXGLDialogFactoryServiceProvider
23:58:15.570 [FXGL Background Thread 3 ] DEBUG Engine               - class com.almasb.fxgl.audio.AudioPlayer
23:58:15.570 [FXGL Background Thread 3 ] DEBUG Engine               - class com.almasb.fxgl.notification.impl.NotificationServiceProvider
23:58:15.570 [FXGL Background Thread 3 ] DEBUG Engine               - class com.almasb.fxgl.achievement.AchievementService
23:58:15.570 [FXGL Background Thread 3 ] DEBUG Engine               - class com.almasb.fxgl.cutscene.CutsceneService
23:58:15.570 [FXGL Background Thread 3 ] DEBUG Engine               - class com.almasb.fxgl.minigames.MiniGameService
23:58:15.570 [FXGL Background Thread 3 ] DEBUG Engine               - class com.almasb.fxgl.net.NetService
23:58:15.570 [FXGL Background Thread 3 ] DEBUG Engine               - class com.almasb.fxgl.app.services.UpdaterService
23:58:15.571 [FXGL Background Thread 3 ] DEBUG Engine               - class com.almasb.fxgl.dev.DevService
00:00:33.139 [JavaFX Application Thread] DEBUG FXGLApplication      - Exiting FXGL
00:00:33.139 [JavaFX Application Thread] DEBUG LoopRunner           - Stopping loop
00:00:33.140 [JavaFX Application Thread] DEBUG SystemBundleService  - Saving FXGL system data
00:00:33.141 [JavaFX Application Thread] DEBUG FileSystemAccess     - Writing to: C:\Users\ECE\IdeaProjects\BreakoutFXGL\system\fxgl.bundle
00:00:33.143 [JavaFX Application Thread] DEBUG Async                - Shutting down background threads
00:00:33.143 [JavaFX Application Thread] DEBUG PrimaryStageWindow   - Closing main window
00:00:33.169 [JavaFX Application Thread] DEBUG Logger               - Closing Logger
