23:40:22.888 [main                     ] DEBUG Logger               - Configured Logger
23:40:22.893 [main                     ] DEBUG GameApplication      - Logging settings
Title: Breakout - LBYCPOB OOP Sample
Version: 3.0
Width: 800
Height: 800
Fullscreen: false
Intro: false
Profiling: false
Single step:false
App Mode: DEVELOPER
Menu Key: ESCAPE
Stage Style: DECORATED
Scene Factory: class com.almasb.fxgl.app.scene.SceneFactory

23:40:23.381 [JavaFX Application Thread] DEBUG FXGLApplication      - Initializing FXGL
23:40:23.385 [JavaFX Application Thread] INFO  Engine               - FXGL-25 (05.02.2026 22.57) on WINDOWS (J:25.0.3 FX:25.0.1)
23:40:23.386 [JavaFX Application Thread] DEBUG Engine               - JRE Vendor Name: Oracle Corporation
23:40:23.386 [JavaFX Application Thread] DEBUG Engine               - Running on OS: Windows 10 version 10.0
23:40:23.386 [JavaFX Application Thread] DEBUG Engine               - Architecture: amd64
23:40:23.386 [JavaFX Application Thread] INFO  Engine               - Source code and latest versions at: https://github.com/AlmasB/FXGL
23:40:23.386 [JavaFX Application Thread] INFO  Engine               -       Ask questions and discuss at: https://github.com/AlmasB/FXGL/discussions
23:40:23.518 [JavaFX Application Thread] DEBUG PrimaryStageWindow   - Creating a JavaFX scene
23:40:23.596 [JavaFX Application Thread] DEBUG PrimaryStageWindow   - Target settings size: 800.0 x 800.0
23:40:23.596 [JavaFX Application Thread] DEBUG PrimaryStageWindow   - Scaled scene size:    800.0 x 800.0
23:40:23.596 [JavaFX Application Thread] DEBUG PrimaryStageWindow   - Scaled ratio: (1.0, 1.0)
23:40:23.598 [JavaFX Application Thread] DEBUG PrimaryStageWindow   - Set initial scene to FXGLStartupScene
23:40:23.603 [JavaFX Application Thread] DEBUG PrimaryStageWindow   - Opening main window
23:40:24.010 [JavaFX Application Thread] DEBUG PrimaryStageWindow   - Window border size: (14.66668701171875, 38.0)
23:40:24.011 [JavaFX Application Thread] DEBUG PrimaryStageWindow   - Scaled size: 800.0 x 800.0
23:40:24.011 [JavaFX Application Thread] DEBUG PrimaryStageWindow   - Scaled ratio: (1.0, 1.0)
23:40:24.011 [JavaFX Application Thread] DEBUG PrimaryStageWindow   - Scene size: 800.0 x 800.0
23:40:24.011 [JavaFX Application Thread] DEBUG PrimaryStageWindow   - Stage size: 814.6666870117188 x 838.0
23:40:24.020 [FXGL Background Thread 1 ] DEBUG Engine               - Initializing environment variables
23:40:24.089 [FXGL Background Thread 1 ] DEBUG FXGLAssetLoaderServi - User app class for loading assets: class ph.edu.dlsu.lbycpob.breakoutfxgl.app.BreakoutApp
23:40:24.089 [FXGL Background Thread 1 ] DEBUG GameApplicationServi - Applying CSS: fxgl_dark.css
23:40:24.091 [FXGL Background Thread 1 ] DEBUG FXGLAssetLoaderServi - Loading from file system: jar:file:/C:/Users/ECE/.m2/repository/com/github/almasb/fxgl/25/fxgl-25.jar!/fxglassets/ui/css/fxgl_dark.css
23:40:24.149 [FXGL Background Thread 1 ] DEBUG GameApplicationServi - Initializing application scenes
23:40:24.202 [FXGL Background Thread 1 ] DEBUG GameWorld            - Game world initialized
23:40:24.256 [FXGL Background Thread 1 ] DEBUG PhysicsWorld         - Physics world initialized: appHeight=800, physics.ppm=50.0
23:40:24.257 [FXGL Background Thread 1 ] DEBUG PhysicsWorld         - Using strategy: BRUTE_FORCE
23:40:24.261 [FXGL Background Thread 1 ] DEBUG GameScene            - Game scene initialized: 800x800
23:40:24.276 [FXGL Background Thread 1 ] DEBUG FXGL.DefaultMenu     - createMenuBodyGameMenu()
23:40:24.295 [FXGL Background Thread 1 ] DEBUG FXGL.DefaultMenu     - createOptionsMenu()
23:40:24.307 [FXGL Background Thread 1 ] DEBUG FXGLAssetLoaderServi - Loading from file system: jar:file:/C:/Users/ECE/.m2/repository/com/github/almasb/fxgl/25/fxgl-25.jar!/fxglassets/textures/particles/smoke.png
23:40:24.435 [FXGL Background Thread 1 ] DEBUG FXGLAssetLoaderServi - Loading from file system: jar:file:/C:/Users/ECE/.m2/repository/com/github/almasb/fxgl/25/fxgl-25.jar!/fxglassets/textures/particles/trace_horizontal.png
23:40:24.464 [FXGL Background Thread 1 ] DEBUG GameApplicationServi - Application scenes initialized
23:40:24.478 [FXGL Background Thread 1 ] DEBUG SystemBundleService  - Loading FXGL system data
23:40:24.479 [FXGL Background Thread 1 ] DEBUG FileSystemAccess     - Reading from: C:\Users\ECE\IdeaProjects\BreakoutFXGL\system\fxgl.bundle
23:40:24.481 [FXGL Background Thread 1 ] DEBUG SystemBundleService  - Bundle FXGL: {}
23:40:24.482 [FXGL Background Thread 1 ] DEBUG UpdaterService       - Checking for updates
23:40:24.485 [FXGL Background Thread 4 ] DEBUG FXGLApplication      - Loading fonts
23:40:24.486 [FXGL Background Thread 4 ] DEBUG FXGLAssetLoaderServi - Loading from file system: jar:file:/C:/Users/ECE/.m2/repository/com/github/almasb/fxgl/25/fxgl-25.jar!/fxglassets/ui/fonts/VarelaRound-Regular.ttf
23:40:24.486 [FXGL Background Thread 1 ] DEBUG FXGLApplication      - Loading default localization
23:40:24.487 [FXGL Background Thread 1 ] DEBUG FXGLAssetLoaderServi - Loading from file system: jar:file:/C:/Users/ECE/.m2/repository/com/github/almasb/fxgl/25/fxgl-25.jar!/fxglassets/languages/english.lang
23:40:24.494 [FXGL Background Thread 4 ] DEBUG FXGLAssetLoaderServi - Loading from file system: jar:file:/C:/Users/ECE/.m2/repository/com/github/almasb/fxgl/25/fxgl-25.jar!/fxglassets/ui/fonts/Abel-Regular.ttf
23:40:24.498 [FXGL Background Thread 1 ] INFO  FXGLApplication      - FXGL initialization took: 0.479 sec
23:40:24.498 [FXGL Background Thread 4 ] DEBUG FXGLAssetLoaderServi - Loading from file system: jar:file:/C:/Users/ECE/.m2/repository/com/github/almasb/fxgl/25/fxgl-25.jar!/fxglassets/ui/fonts/TerminalLandMono-Regular.otf
23:40:24.512 [FXGL Background Thread 4 ] DEBUG FXGLAssetLoaderServi - Loading from file system: jar:file:/C:/Users/ECE/.m2/repository/com/github/almasb/fxgl/25/fxgl-25.jar!/fxglassets/ui/fonts/Courier-Prime.ttf
23:40:24.522 [JavaFX Application Thread] DEBUG Input                - Registered new binding: Move Left - Left
23:40:24.522 [JavaFX Application Thread] DEBUG Input                - Registered new binding: Move Right - Right
23:40:24.523 [JavaFX Application Thread] DEBUG Input                - Registered new binding: Move Left A - A
23:40:24.523 [JavaFX Application Thread] DEBUG Input                - Registered new binding: Move Right D - D
23:40:24.523 [JavaFX Application Thread] DEBUG Input                - Registered new binding: Restart Game - R
23:40:24.523 [JavaFX Application Thread] DEBUG Input                - Registered new binding: Toggle Mute - M
23:40:24.523 [JavaFX Application Thread] DEBUG FXGLAssetLoaderServi - Loading from file system: jar:file:/C:/Users/ECE/.m2/repository/com/github/almasb/fxgl/25/fxgl-25.jar!/fxglassets/textures/fxgl_icon.png
23:40:24.541 [JavaFX Application Thread] DEBUG FXGLAssetLoaderServi - Loading from file system: jar:file:/C:/Users/ECE/.m2/repository/com/github/almasb/fxgl/25/fxgl-25.jar!/fxglassets/textures/fxgl_default_cursor.png
23:40:24.544 [JavaFX Application Thread] DEBUG Input                - Registered new binding: Screenshot - CTRL+8
23:40:24.544 [JavaFX Application Thread] DEBUG Input                - Registered new binding: System info dump - CTRL+9
23:40:24.545 [JavaFX Application Thread] DEBUG Input                - Registered new binding: Restart - CTRL+R
23:40:24.546 [JavaFX Application Thread] DEBUG Input                - Registered new binding: Toggle Debug Camera - CTRL+7
23:40:24.549 [JavaFX Application Thread] DEBUG LoopRunner           - Starting loop
23:40:24.549 [JavaFX Application Thread] DEBUG LoopRunner           - Initializing JavaFX AnimationTimerLoop
23:40:24.551 [JavaFX Application Thread] DEBUG GameApplicationServi - Starting new game
23:40:24.551 [JavaFX Application Thread] DEBUG Input                - Clearing active input actions
23:40:24.561 [JavaFX Application Thread] DEBUG GameApplicationServi - Removing overlay from FXGLStartupScene and adding to FXGLLoadingScene
23:40:24.561 [JavaFX Application Thread] DEBUG PrimaryStageWindow   - FXGLStartupScene -> FXGLLoadingScene
23:40:24.561 [JavaFX Application Thread] DEBUG GameApplicationServi - Clearing previous game
23:40:24.561 [JavaFX Application Thread] DEBUG GameScene            - Clearing game scene
23:40:24.561 [JavaFX Application Thread] DEBUG GameWorld            - Clearing game world
23:40:24.561 [JavaFX Application Thread] DEBUG PhysicsWorld         - Clearing physics world
23:40:24.563 [JavaFX Application Thread] DEBUG FXGLApplication      - Registering font factories with UI factory
23:40:24.767 [FXGL Background Thread 4 ] INFO  FXGLApplication      - Game initialization took: 0.204 sec
23:40:24.770 [JavaFX Application Thread] DEBUG Input                - Clearing active input actions
23:40:24.786 [JavaFX Application Thread] DEBUG GameApplicationServi - Removing overlay from FXGLLoadingScene and adding to GameScene
23:40:24.786 [JavaFX Application Thread] DEBUG PrimaryStageWindow   - FXGLLoadingScene -> GameScene
23:40:27.486 [FXGL Background Thread 3 ] DEBUG Engine               - Logging environment variables
23:40:27.487 [FXGL Background Thread 3 ] DEBUG Engine               - achievements: []
23:40:27.487 [FXGL Background Thread 3 ] DEBUG Engine               - actualHeight: 800.0
23:40:27.488 [FXGL Background Thread 3 ] DEBUG Engine               - actualHeightProperty: ReadOnlyDoubleProperty [value: 800.0]
23:40:27.488 [FXGL Background Thread 3 ] DEBUG Engine               - actualWidth: 800.0
23:40:27.488 [FXGL Background Thread 3 ] DEBUG Engine               - actualWidthProperty: ReadOnlyDoubleProperty [value: 800.0]
23:40:27.488 [FXGL Background Thread 3 ] DEBUG Engine               - appIcon: fxgl_icon.png
23:40:27.488 [FXGL Background Thread 3 ] DEBUG Engine               - applicationMode: DEVELOPER
23:40:27.489 [FXGL Background Thread 3 ] DEBUG Engine               - cSSList: [fxgl_dark.css]
23:40:27.489 [FXGL Background Thread 3 ] DEBUG Engine               - collisionDetectionStrategy: BRUTE_FORCE
23:40:27.489 [FXGL Background Thread 3 ] DEBUG Engine               - configClass: Optional.empty
23:40:27.489 [FXGL Background Thread 3 ] DEBUG Engine               - credits: []
23:40:27.490 [FXGL Background Thread 3 ] DEBUG Engine               - defaultCursor: CursorInfo(imageName=fxgl_default_cursor.png, hotspotX=7.0, hotspotY=6.0)
23:40:27.490 [FXGL Background Thread 3 ] DEBUG Engine               - devBBoxColorProperty: ObjectProperty [value: 0xff0000ff]
23:40:27.490 [FXGL Background Thread 3 ] DEBUG Engine               - devEnableDebugCameraProperty: BooleanProperty [value: false]
23:40:27.490 [FXGL Background Thread 3 ] DEBUG Engine               - devSensorColorProperty: ObjectProperty [value: 0xffff00ff]
23:40:27.490 [FXGL Background Thread 3 ] DEBUG Engine               - devShowBBoxProperty: BooleanProperty [value: false]
23:40:27.491 [FXGL Background Thread 3 ] DEBUG Engine               - devShowPositionProperty: BooleanProperty [value: false]
23:40:27.491 [FXGL Background Thread 3 ] DEBUG Engine               - enabledMenuItems: []
23:40:27.491 [FXGL Background Thread 3 ] DEBUG Engine               - engineServices: [class com.almasb.fxgl.app.services.FXGLAssetLoaderService, class com.almasb.fxgl.app.FXGLApplication$GameApplicationService, class com.almasb.fxgl.app.services.FXGLDialogService, class com.almasb.fxgl.app.services.IOTaskExecutorService, class com.almasb.fxgl.io.FileSystemService, class com.almasb.fxgl.localization.LocalizationService, class com.almasb.fxgl.app.services.SystemBundleService, class com.almasb.fxgl.profile.SaveLoadService, class com.almasb.fxgl.ui.FXGLUIFactoryServiceProvider, class com.almasb.fxgl.ui.FXGLDialogFactoryServiceProvider, class com.almasb.fxgl.audio.AudioPlayer, class com.almasb.fxgl.notification.impl.NotificationServiceProvider, class com.almasb.fxgl.achievement.AchievementService, class com.almasb.fxgl.cutscene.CutsceneService, class com.almasb.fxgl.minigames.MiniGameService, class com.almasb.fxgl.net.NetService, class com.almasb.fxgl.app.services.UpdaterService, class com.almasb.fxgl.dev.DevService]
23:40:27.491 [FXGL Background Thread 3 ] DEBUG Engine               - fontGame: Abel-Regular.ttf
23:40:27.491 [FXGL Background Thread 3 ] DEBUG Engine               - fontMono: TerminalLandMono-Regular.otf
23:40:27.491 [FXGL Background Thread 3 ] DEBUG Engine               - fontSizeScaleUI: 1.0
23:40:27.492 [FXGL Background Thread 3 ] DEBUG Engine               - fontText: Courier-Prime.ttf
23:40:27.492 [FXGL Background Thread 3 ] DEBUG Engine               - fontUI: VarelaRound-Regular.ttf
23:40:27.492 [FXGL Background Thread 3 ] DEBUG Engine               - fpsRefreshRate: 500.0 ms
23:40:27.492 [FXGL Background Thread 3 ] DEBUG Engine               - fullScreen: BooleanProperty [value: false]
23:40:27.493 [FXGL Background Thread 3 ] DEBUG Engine               - gameDifficulty: MEDIUM
23:40:27.493 [FXGL Background Thread 3 ] DEBUG Engine               - gameDifficultyProperty: ObjectProperty [value: MEDIUM]
23:40:27.493 [FXGL Background Thread 3 ] DEBUG Engine               - globalMusicVolume: 0.5
23:40:27.493 [FXGL Background Thread 3 ] DEBUG Engine               - globalMusicVolumeProperty: DoubleProperty [value: 0.5]
23:40:27.493 [FXGL Background Thread 3 ] DEBUG Engine               - globalSoundVolume: 0.5
23:40:27.494 [FXGL Background Thread 3 ] DEBUG Engine               - globalSoundVolumeProperty: DoubleProperty [value: 0.5]
23:40:27.494 [FXGL Background Thread 3 ] DEBUG Engine               - height: 800
23:40:27.494 [FXGL Background Thread 3 ] DEBUG Engine               - is3D: false
23:40:27.494 [FXGL Background Thread 3 ] DEBUG Engine               - isAndroid: false
23:40:27.494 [FXGL Background Thread 3 ] DEBUG Engine               - isBrowser: false
23:40:27.494 [FXGL Background Thread 3 ] DEBUG Engine               - isClickFeedbackEnabled: false
23:40:27.495 [FXGL Background Thread 3 ] DEBUG Engine               - isCloseConfirmation: false
23:40:27.495 [FXGL Background Thread 3 ] DEBUG Engine               - isDesktop: true
23:40:27.495 [FXGL Background Thread 3 ] DEBUG Engine               - isDeveloperMenuEnabled: false
23:40:27.495 [FXGL Background Thread 3 ] DEBUG Engine               - isEmbedded: false
23:40:27.495 [FXGL Background Thread 3 ] DEBUG Engine               - isEntityPreloadEnabled: true
23:40:27.495 [FXGL Background Thread 3 ] DEBUG Engine               - isExperimentalTiledLargeMap: false
23:40:27.496 [FXGL Background Thread 3 ] DEBUG Engine               - isFileSystemWriteAllowed: true
23:40:27.496 [FXGL Background Thread 3 ] DEBUG Engine               - isFullScreenAllowed: false
23:40:27.496 [FXGL Background Thread 3 ] DEBUG Engine               - isFullScreenFromStart: false
23:40:27.496 [FXGL Background Thread 3 ] DEBUG Engine               - isGameMenuEnabled: true
23:40:27.496 [FXGL Background Thread 3 ] DEBUG Engine               - isIOS: false
23:40:27.496 [FXGL Background Thread 3 ] DEBUG Engine               - isIntroEnabled: false
23:40:27.496 [FXGL Background Thread 3 ] DEBUG Engine               - isLinux: false
23:40:27.496 [FXGL Background Thread 3 ] DEBUG Engine               - isMac: false
23:40:27.497 [FXGL Background Thread 3 ] DEBUG Engine               - isMainMenuEnabled: false
23:40:27.497 [FXGL Background Thread 3 ] DEBUG Engine               - isManualResizeEnabled: false
23:40:27.497 [FXGL Background Thread 3 ] DEBUG Engine               - isMobile: false
23:40:27.497 [FXGL Background Thread 3 ] DEBUG Engine               - isNative: false
23:40:27.497 [FXGL Background Thread 3 ] DEBUG Engine               - isPauseMusicWhenMinimized: true
23:40:27.497 [FXGL Background Thread 3 ] DEBUG Engine               - isPreserveResizeRatio: false
23:40:27.497 [FXGL Background Thread 3 ] DEBUG Engine               - isProfilingEnabled: false
23:40:27.497 [FXGL Background Thread 3 ] DEBUG Engine               - isScaleAffectedOnResize: true
23:40:27.497 [FXGL Background Thread 3 ] DEBUG Engine               - isSingleStep: false
23:40:27.498 [FXGL Background Thread 3 ] DEBUG Engine               - isUserProfileEnabled: false
23:40:27.498 [FXGL Background Thread 3 ] DEBUG Engine               - isWindows: true
23:40:27.498 [FXGL Background Thread 3 ] DEBUG Engine               - language: ObjectProperty [value: ENGLISH]
23:40:27.498 [FXGL Background Thread 3 ] DEBUG Engine               - menuKey: ESCAPE
23:40:27.498 [FXGL Background Thread 3 ] DEBUG Engine               - mouseSensitivity: 0.2
23:40:27.498 [FXGL Background Thread 3 ] DEBUG Engine               - notificationViewClass: class com.almasb.fxgl.notification.view.XboxNotificationView
23:40:27.499 [FXGL Background Thread 3 ] DEBUG Engine               - pixelsPerMeter: 50.0
23:40:27.499 [FXGL Background Thread 3 ] DEBUG Engine               - platform: WINDOWS
23:40:27.499 [FXGL Background Thread 3 ] DEBUG Engine               - prefHeightProperty: ReadOnlyDoubleProperty [value: 800.0]
23:40:27.499 [FXGL Background Thread 3 ] DEBUG Engine               - prefWidthProperty: ReadOnlyDoubleProperty [value: 800.0]
23:40:27.499 [FXGL Background Thread 3 ] DEBUG Engine               - profileDir: profiles/
23:40:27.499 [FXGL Background Thread 3 ] DEBUG Engine               - profileName: StringProperty [value: DEFAULT]
23:40:27.500 [FXGL Background Thread 3 ] DEBUG Engine               - randomSeed: -1
23:40:27.500 [FXGL Background Thread 3 ] DEBUG Engine               - runtimeInfo: RuntimeInfo(platform=WINDOWS, version=25, build=05.02.2026 22.57)
23:40:27.500 [FXGL Background Thread 3 ] DEBUG Engine               - saveFileExt: sav
23:40:27.500 [FXGL Background Thread 3 ] DEBUG Engine               - scaledHeightProp$fxgl: DoubleProperty [bound, value: 800.0]
23:40:27.501 [FXGL Background Thread 3 ] DEBUG Engine               - scaledWidthProp$fxgl: DoubleProperty [bound, value: 800.0]
23:40:27.501 [FXGL Background Thread 3 ] DEBUG Engine               - sceneFactory: com.almasb.fxgl.app.scene.SceneFactory@226a2518
23:40:27.501 [FXGL Background Thread 3 ] DEBUG Engine               - secondsIn24h: 60
23:40:27.501 [FXGL Background Thread 3 ] DEBUG Engine               - soundMenuBack: menu/back.wav
23:40:27.501 [FXGL Background Thread 3 ] DEBUG Engine               - soundMenuPress: menu/press.wav
23:40:27.501 [FXGL Background Thread 3 ] DEBUG Engine               - soundMenuSelect: menu/select.wav
23:40:27.501 [FXGL Background Thread 3 ] DEBUG Engine               - soundNotification: core/notification.wav
23:40:27.501 [FXGL Background Thread 3 ] DEBUG Engine               - stageStyle: DECORATED
23:40:27.501 [FXGL Background Thread 3 ] DEBUG Engine               - supportedLanguages: [ENGLISH, FRENCH, GERMAN, HUNGARIAN, RUSSIAN]
23:40:27.502 [FXGL Background Thread 3 ] DEBUG Engine               - ticksPerSecond: -1
23:40:27.502 [FXGL Background Thread 3 ] DEBUG Engine               - title: Breakout - LBYCPOB OOP Sample
23:40:27.502 [FXGL Background Thread 3 ] DEBUG Engine               - urlGithub: https://github.com/AlmasB/FXGL
23:40:27.502 [FXGL Background Thread 3 ] DEBUG Engine               - urlLeaderboard: http://fxgl-top.herokuapp.com/
23:40:27.502 [FXGL Background Thread 3 ] DEBUG Engine               - urlPOM: https://raw.githubusercontent.com/AlmasB/FXGL/release/README.md
23:40:27.502 [FXGL Background Thread 3 ] DEBUG Engine               - userAppClass: class ph.edu.dlsu.lbycpob.breakoutfxgl.app.BreakoutApp
23:40:27.502 [FXGL Background Thread 3 ] DEBUG Engine               - version: 3.0
23:40:27.502 [FXGL Background Thread 3 ] DEBUG Engine               - versionCheckDays: 7
23:40:27.503 [FXGL Background Thread 3 ] DEBUG Engine               - width: 800
23:40:27.503 [FXGL Background Thread 3 ] DEBUG Engine               - Logging services
23:40:27.503 [FXGL Background Thread 3 ] DEBUG Engine               - class com.almasb.fxgl.app.services.FXGLAssetLoaderService
23:40:27.503 [FXGL Background Thread 3 ] DEBUG Engine               - class com.almasb.fxgl.app.FXGLApplication$GameApplicationService
23:40:27.503 [FXGL Background Thread 3 ] DEBUG Engine               - class com.almasb.fxgl.app.services.FXGLDialogService
23:40:27.503 [FXGL Background Thread 3 ] DEBUG Engine               - class com.almasb.fxgl.app.services.IOTaskExecutorService
23:40:27.503 [FXGL Background Thread 3 ] DEBUG Engine               - class com.almasb.fxgl.io.FileSystemService
23:40:27.503 [FXGL Background Thread 3 ] DEBUG Engine               - class com.almasb.fxgl.localization.LocalizationService
23:40:27.503 [FXGL Background Thread 3 ] DEBUG Engine               - class com.almasb.fxgl.app.services.SystemBundleService
23:40:27.503 [FXGL Background Thread 3 ] DEBUG Engine               - class com.almasb.fxgl.profile.SaveLoadService
23:40:27.504 [FXGL Background Thread 3 ] DEBUG Engine               - class com.almasb.fxgl.ui.FXGLUIFactoryServiceProvider
23:40:27.504 [FXGL Background Thread 3 ] DEBUG Engine               - class com.almasb.fxgl.ui.FXGLDialogFactoryServiceProvider
23:40:27.504 [FXGL Background Thread 3 ] DEBUG Engine               - class com.almasb.fxgl.audio.AudioPlayer
23:40:27.504 [FXGL Background Thread 3 ] DEBUG Engine               - class com.almasb.fxgl.notification.impl.NotificationServiceProvider
23:40:27.504 [FXGL Background Thread 3 ] DEBUG Engine               - class com.almasb.fxgl.achievement.AchievementService
23:40:27.504 [FXGL Background Thread 3 ] DEBUG Engine               - class com.almasb.fxgl.cutscene.CutsceneService
23:40:27.504 [FXGL Background Thread 3 ] DEBUG Engine               - class com.almasb.fxgl.minigames.MiniGameService
23:40:27.504 [FXGL Background Thread 3 ] DEBUG Engine               - class com.almasb.fxgl.net.NetService
23:40:27.505 [FXGL Background Thread 3 ] DEBUG Engine               - class com.almasb.fxgl.app.services.UpdaterService
23:40:27.505 [FXGL Background Thread 3 ] DEBUG Engine               - class com.almasb.fxgl.dev.DevService
23:40:45.574 [JavaFX Application Thread] DEBUG FXGLApplication      - Exiting FXGL
23:40:45.575 [JavaFX Application Thread] DEBUG LoopRunner           - Stopping loop
23:40:45.575 [JavaFX Application Thread] DEBUG SystemBundleService  - Saving FXGL system data
23:40:45.577 [JavaFX Application Thread] DEBUG FileSystemAccess     - Writing to: C:\Users\ECE\IdeaProjects\BreakoutFXGL\system\fxgl.bundle
23:40:45.578 [JavaFX Application Thread] DEBUG Async                - Shutting down background threads
23:40:45.578 [JavaFX Application Thread] DEBUG PrimaryStageWindow   - Closing main window
23:40:45.602 [JavaFX Application Thread] DEBUG Logger               - Closing Logger
