09:22:21.263 [main                     ] DEBUG Logger               - Configured Logger
09:22:21.267 [main                     ] DEBUG GameApplication      - Logging settings
Title: Breakout - LBYCPOB OOP Sample
Version: 3.0
Width: 800
Height: 800
Fullscreen: false
Intro: false
Profiling: false
Single step:false
App Mode: DEVELOPER
Menu Key: ESCAPE
Stage Style: DECORATED
Scene Factory: class com.almasb.fxgl.app.scene.SceneFactory

09:22:21.714 [JavaFX Application Thread] DEBUG FXGLApplication      - Initializing FXGL
09:22:21.719 [JavaFX Application Thread] INFO  Engine               - FXGL-25 (05.02.2026 22.57) on WINDOWS (J:25.0.3 FX:25.0.1)
09:22:21.719 [JavaFX Application Thread] DEBUG Engine               - JRE Vendor Name: Oracle Corporation
09:22:21.720 [JavaFX Application Thread] DEBUG Engine               - Running on OS: Windows 10 version 10.0
09:22:21.720 [JavaFX Application Thread] DEBUG Engine               - Architecture: amd64
09:22:21.720 [JavaFX Application Thread] INFO  Engine               - Source code and latest versions at: https://github.com/AlmasB/FXGL
09:22:21.720 [JavaFX Application Thread] INFO  Engine               -       Ask questions and discuss at: https://github.com/AlmasB/FXGL/discussions
09:22:21.853 [JavaFX Application Thread] DEBUG PrimaryStageWindow   - Creating a JavaFX scene
09:22:21.923 [JavaFX Application Thread] DEBUG PrimaryStageWindow   - Target settings size: 800.0 x 800.0
09:22:21.923 [JavaFX Application Thread] DEBUG PrimaryStageWindow   - Scaled scene size:    800.0 x 800.0
09:22:21.923 [JavaFX Application Thread] DEBUG PrimaryStageWindow   - Scaled ratio: (1.0, 1.0)
09:22:21.925 [JavaFX Application Thread] DEBUG PrimaryStageWindow   - Set initial scene to FXGLStartupScene
09:22:21.932 [JavaFX Application Thread] DEBUG PrimaryStageWindow   - Opening main window
09:22:22.330 [JavaFX Application Thread] DEBUG PrimaryStageWindow   - Window border size: (14.66668701171875, 38.0)
09:22:22.331 [JavaFX Application Thread] DEBUG PrimaryStageWindow   - Scaled size: 800.0 x 800.0
09:22:22.331 [JavaFX Application Thread] DEBUG PrimaryStageWindow   - Scaled ratio: (1.0, 1.0)
09:22:22.332 [JavaFX Application Thread] DEBUG PrimaryStageWindow   - Scene size: 800.0 x 800.0
09:22:22.332 [JavaFX Application Thread] DEBUG PrimaryStageWindow   - Stage size: 814.6666870117188 x 838.0
09:22:22.348 [FXGL Background Thread 1 ] DEBUG Engine               - Initializing environment variables
09:22:22.411 [FXGL Background Thread 1 ] DEBUG FXGLAssetLoaderServi - User app class for loading assets: class ph.edu.dlsu.lbycpob.breakoutfxgl.app.BreakoutApp
09:22:22.411 [FXGL Background Thread 1 ] DEBUG GameApplicationServi - Applying CSS: fxgl_dark.css
09:22:22.412 [FXGL Background Thread 1 ] DEBUG FXGLAssetLoaderServi - Loading from file system: jar:file:/C:/Users/ECE/.m2/repository/com/github/almasb/fxgl/25/fxgl-25.jar!/fxglassets/ui/css/fxgl_dark.css
09:22:22.467 [FXGL Background Thread 1 ] DEBUG GameApplicationServi - Initializing application scenes
09:22:22.512 [FXGL Background Thread 1 ] DEBUG GameWorld            - Game world initialized
09:22:22.565 [FXGL Background Thread 1 ] DEBUG PhysicsWorld         - Physics world initialized: appHeight=800, physics.ppm=50.0
09:22:22.565 [FXGL Background Thread 1 ] DEBUG PhysicsWorld         - Using strategy: BRUTE_FORCE
09:22:22.569 [FXGL Background Thread 1 ] DEBUG GameScene            - Game scene initialized: 800x800
09:22:22.583 [FXGL Background Thread 1 ] DEBUG FXGL.DefaultMenu     - createMenuBodyGameMenu()
09:22:22.598 [FXGL Background Thread 1 ] DEBUG FXGL.DefaultMenu     - createOptionsMenu()
09:22:22.615 [FXGL Background Thread 1 ] DEBUG FXGLAssetLoaderServi - Loading from file system: jar:file:/C:/Users/ECE/.m2/repository/com/github/almasb/fxgl/25/fxgl-25.jar!/fxglassets/textures/particles/smoke.png
09:22:22.703 [FXGL Background Thread 1 ] DEBUG FXGLAssetLoaderServi - Loading from file system: jar:file:/C:/Users/ECE/.m2/repository/com/github/almasb/fxgl/25/fxgl-25.jar!/fxglassets/textures/particles/trace_horizontal.png
09:22:22.739 [FXGL Background Thread 1 ] DEBUG GameApplicationServi - Application scenes initialized
09:22:22.758 [FXGL Background Thread 1 ] DEBUG SystemBundleService  - Loading FXGL system data
09:22:22.759 [FXGL Background Thread 1 ] DEBUG FileSystemAccess     - Reading from: C:\Users\ECE\IdeaProjects\BreakoutFXGL\system\fxgl.bundle
09:22:22.761 [FXGL Background Thread 1 ] DEBUG SystemBundleService  - Bundle FXGL: {}
09:22:22.761 [FXGL Background Thread 1 ] DEBUG UpdaterService       - Checking for updates
09:22:22.764 [FXGL Background Thread 4 ] DEBUG FXGLApplication      - Loading fonts
09:22:22.765 [FXGL Background Thread 4 ] DEBUG FXGLAssetLoaderServi - Loading from file system: jar:file:/C:/Users/ECE/.m2/repository/com/github/almasb/fxgl/25/fxgl-25.jar!/fxglassets/ui/fonts/VarelaRound-Regular.ttf
09:22:22.765 [FXGL Background Thread 1 ] DEBUG FXGLApplication      - Loading default localization
09:22:22.765 [FXGL Background Thread 1 ] DEBUG FXGLAssetLoaderServi - Loading from file system: jar:file:/C:/Users/ECE/.m2/repository/com/github/almasb/fxgl/25/fxgl-25.jar!/fxglassets/languages/english.lang
09:22:22.774 [FXGL Background Thread 4 ] DEBUG FXGLAssetLoaderServi - Loading from file system: jar:file:/C:/Users/ECE/.m2/repository/com/github/almasb/fxgl/25/fxgl-25.jar!/fxglassets/ui/fonts/Abel-Regular.ttf
09:22:22.778 [FXGL Background Thread 4 ] DEBUG FXGLAssetLoaderServi - Loading from file system: jar:file:/C:/Users/ECE/.m2/repository/com/github/almasb/fxgl/25/fxgl-25.jar!/fxglassets/ui/fonts/TerminalLandMono-Regular.otf
09:22:22.781 [FXGL Background Thread 1 ] INFO  FXGLApplication      - FXGL initialization took: 0.432 sec
09:22:22.783 [FXGL Background Thread 4 ] DEBUG FXGLAssetLoaderServi - Loading from file system: jar:file:/C:/Users/ECE/.m2/repository/com/github/almasb/fxgl/25/fxgl-25.jar!/fxglassets/ui/fonts/Courier-Prime.ttf
09:22:22.801 [JavaFX Application Thread] DEBUG Input                - Registered new binding: Move Left - Left
09:22:22.802 [JavaFX Application Thread] DEBUG Input                - Registered new binding: Move Right - Right
09:22:22.802 [JavaFX Application Thread] DEBUG Input                - Registered new binding: Move Left A - A
09:22:22.804 [JavaFX Application Thread] DEBUG Input                - Registered new binding: Move Right D - D
09:22:22.804 [JavaFX Application Thread] DEBUG Input                - Registered new binding: Restart Game - R
09:22:22.804 [JavaFX Application Thread] DEBUG Input                - Registered new binding: Toggle Mute - M
09:22:22.805 [JavaFX Application Thread] DEBUG FXGLAssetLoaderServi - Loading from file system: jar:file:/C:/Users/ECE/.m2/repository/com/github/almasb/fxgl/25/fxgl-25.jar!/fxglassets/textures/fxgl_icon.png
09:22:22.826 [JavaFX Application Thread] DEBUG FXGLAssetLoaderServi - Loading from file system: jar:file:/C:/Users/ECE/.m2/repository/com/github/almasb/fxgl/25/fxgl-25.jar!/fxglassets/textures/fxgl_default_cursor.png
09:22:22.829 [JavaFX Application Thread] DEBUG Input                - Registered new binding: Screenshot - CTRL+8
09:22:22.830 [JavaFX Application Thread] DEBUG Input                - Registered new binding: System info dump - CTRL+9
09:22:22.830 [JavaFX Application Thread] DEBUG Input                - Registered new binding: Restart - CTRL+R
09:22:22.832 [JavaFX Application Thread] DEBUG Input                - Registered new binding: Toggle Debug Camera - CTRL+7
09:22:22.835 [JavaFX Application Thread] DEBUG LoopRunner           - Starting loop
09:22:22.835 [JavaFX Application Thread] DEBUG LoopRunner           - Initializing JavaFX AnimationTimerLoop
09:22:22.837 [JavaFX Application Thread] DEBUG GameApplicationServi - Starting new game
09:22:22.838 [JavaFX Application Thread] DEBUG Input                - Clearing active input actions
09:22:22.847 [JavaFX Application Thread] DEBUG GameApplicationServi - Removing overlay from FXGLStartupScene and adding to FXGLLoadingScene
09:22:22.848 [JavaFX Application Thread] DEBUG PrimaryStageWindow   - FXGLStartupScene -> FXGLLoadingScene
09:22:22.848 [JavaFX Application Thread] DEBUG GameApplicationServi - Clearing previous game
09:22:22.848 [JavaFX Application Thread] DEBUG GameScene            - Clearing game scene
09:22:22.848 [JavaFX Application Thread] DEBUG GameWorld            - Clearing game world
09:22:22.848 [JavaFX Application Thread] DEBUG PhysicsWorld         - Clearing physics world
09:22:22.849 [FXGL Background Thread 4 ] DEBUG FXGLApplication      - Initializing game
09:22:22.849 [JavaFX Application Thread] DEBUG FXGLApplication      - Registering font factories with UI factory
09:22:23.171 [FXGL Background Thread 4 ] INFO  FXGLApplication      - Game initialization took: 0.321 sec
09:22:23.175 [JavaFX Application Thread] DEBUG Input                - Clearing active input actions
09:22:23.192 [JavaFX Application Thread] DEBUG GameApplicationServi - Removing overlay from FXGLLoadingScene and adding to GameScene
09:22:23.192 [JavaFX Application Thread] DEBUG PrimaryStageWindow   - FXGLLoadingScene -> GameScene
09:22:25.765 [FXGL Background Thread 3 ] DEBUG Engine               - Logging environment variables
09:22:25.765 [FXGL Background Thread 3 ] DEBUG Engine               - achievements: []
09:22:25.766 [FXGL Background Thread 3 ] DEBUG Engine               - actualHeight: 800.0
09:22:25.766 [FXGL Background Thread 3 ] DEBUG Engine               - actualHeightProperty: ReadOnlyDoubleProperty [value: 800.0]
09:22:25.766 [FXGL Background Thread 3 ] DEBUG Engine               - actualWidth: 800.0
09:22:25.766 [FXGL Background Thread 3 ] DEBUG Engine               - actualWidthProperty: ReadOnlyDoubleProperty [value: 800.0]
09:22:25.766 [FXGL Background Thread 3 ] DEBUG Engine               - appIcon: fxgl_icon.png
09:22:25.766 [FXGL Background Thread 3 ] DEBUG Engine               - applicationMode: DEVELOPER
09:22:25.767 [FXGL Background Thread 3 ] DEBUG Engine               - cSSList: [fxgl_dark.css]
09:22:25.767 [FXGL Background Thread 3 ] DEBUG Engine               - collisionDetectionStrategy: BRUTE_FORCE
09:22:25.767 [FXGL Background Thread 3 ] DEBUG Engine               - configClass: Optional.empty
09:22:25.767 [FXGL Background Thread 3 ] DEBUG Engine               - credits: []
09:22:25.768 [FXGL Background Thread 3 ] DEBUG Engine               - defaultCursor: CursorInfo(imageName=fxgl_default_cursor.png, hotspotX=7.0, hotspotY=6.0)
09:22:25.768 [FXGL Background Thread 3 ] DEBUG Engine               - devBBoxColorProperty: ObjectProperty [value: 0xff0000ff]
09:22:25.768 [FXGL Background Thread 3 ] DEBUG Engine               - devEnableDebugCameraProperty: BooleanProperty [value: false]
09:22:25.768 [FXGL Background Thread 3 ] DEBUG Engine               - devSensorColorProperty: ObjectProperty [value: 0xffff00ff]
09:22:25.768 [FXGL Background Thread 3 ] DEBUG Engine               - devShowBBoxProperty: BooleanProperty [value: false]
09:22:25.769 [FXGL Background Thread 3 ] DEBUG Engine               - devShowPositionProperty: BooleanProperty [value: false]
09:22:25.769 [FXGL Background Thread 3 ] DEBUG Engine               - enabledMenuItems: []
09:22:25.769 [FXGL Background Thread 3 ] DEBUG Engine               - engineServices: [class com.almasb.fxgl.app.services.FXGLAssetLoaderService, class com.almasb.fxgl.app.FXGLApplication$GameApplicationService, class com.almasb.fxgl.app.services.FXGLDialogService, class com.almasb.fxgl.app.services.IOTaskExecutorService, class com.almasb.fxgl.io.FileSystemService, class com.almasb.fxgl.localization.LocalizationService, class com.almasb.fxgl.app.services.SystemBundleService, class com.almasb.fxgl.profile.SaveLoadService, class com.almasb.fxgl.ui.FXGLUIFactoryServiceProvider, class com.almasb.fxgl.ui.FXGLDialogFactoryServiceProvider, class com.almasb.fxgl.audio.AudioPlayer, class com.almasb.fxgl.notification.impl.NotificationServiceProvider, class com.almasb.fxgl.achievement.AchievementService, class com.almasb.fxgl.cutscene.CutsceneService, class com.almasb.fxgl.minigames.MiniGameService, class com.almasb.fxgl.net.NetService, class com.almasb.fxgl.app.services.UpdaterService, class com.almasb.fxgl.dev.DevService]
09:22:25.769 [FXGL Background Thread 3 ] DEBUG Engine               - fontGame: Abel-Regular.ttf
09:22:25.769 [FXGL Background Thread 3 ] DEBUG Engine               - fontMono: TerminalLandMono-Regular.otf
09:22:25.769 [FXGL Background Thread 3 ] DEBUG Engine               - fontSizeScaleUI: 1.0
09:22:25.770 [FXGL Background Thread 3 ] DEBUG Engine               - fontText: Courier-Prime.ttf
09:22:25.770 [FXGL Background Thread 3 ] DEBUG Engine               - fontUI: VarelaRound-Regular.ttf
09:22:25.770 [FXGL Background Thread 3 ] DEBUG Engine               - fpsRefreshRate: 500.0 ms
09:22:25.770 [FXGL Background Thread 3 ] DEBUG Engine               - fullScreen: BooleanProperty [value: false]
09:22:25.771 [FXGL Background Thread 3 ] DEBUG Engine               - gameDifficulty: MEDIUM
09:22:25.771 [FXGL Background Thread 3 ] DEBUG Engine               - gameDifficultyProperty: ObjectProperty [value: MEDIUM]
09:22:25.771 [FXGL Background Thread 3 ] DEBUG Engine               - globalMusicVolume: 0.5
09:22:25.771 [FXGL Background Thread 3 ] DEBUG Engine               - globalMusicVolumeProperty: DoubleProperty [value: 0.5]
09:22:25.771 [FXGL Background Thread 3 ] DEBUG Engine               - globalSoundVolume: 0.5
09:22:25.771 [FXGL Background Thread 3 ] DEBUG Engine               - globalSoundVolumeProperty: DoubleProperty [value: 0.5]
09:22:25.771 [FXGL Background Thread 3 ] DEBUG Engine               - height: 800
09:22:25.771 [FXGL Background Thread 3 ] DEBUG Engine               - is3D: false
09:22:25.771 [FXGL Background Thread 3 ] DEBUG Engine               - isAndroid: false
09:22:25.771 [FXGL Background Thread 3 ] DEBUG Engine               - isBrowser: false
09:22:25.771 [FXGL Background Thread 3 ] DEBUG Engine               - isClickFeedbackEnabled: false
09:22:25.771 [FXGL Background Thread 3 ] DEBUG Engine               - isCloseConfirmation: false
09:22:25.771 [FXGL Background Thread 3 ] DEBUG Engine               - isDesktop: true
09:22:25.771 [FXGL Background Thread 3 ] DEBUG Engine               - isDeveloperMenuEnabled: false
09:22:25.771 [FXGL Background Thread 3 ] DEBUG Engine               - isEmbedded: false
09:22:25.771 [FXGL Background Thread 3 ] DEBUG Engine               - isEntityPreloadEnabled: true
09:22:25.771 [FXGL Background Thread 3 ] DEBUG Engine               - isExperimentalTiledLargeMap: false
09:22:25.772 [FXGL Background Thread 3 ] DEBUG Engine               - isFileSystemWriteAllowed: true
09:22:25.772 [FXGL Background Thread 3 ] DEBUG Engine               - isFullScreenAllowed: false
09:22:25.772 [FXGL Background Thread 3 ] DEBUG Engine               - isFullScreenFromStart: false
09:22:25.772 [FXGL Background Thread 3 ] DEBUG Engine               - isGameMenuEnabled: true
09:22:25.772 [FXGL Background Thread 3 ] DEBUG Engine               - isIOS: false
09:22:25.772 [FXGL Background Thread 3 ] DEBUG Engine               - isIntroEnabled: false
09:22:25.772 [FXGL Background Thread 3 ] DEBUG Engine               - isLinux: false
09:22:25.772 [FXGL Background Thread 3 ] DEBUG Engine               - isMac: false
09:22:25.772 [FXGL Background Thread 3 ] DEBUG Engine               - isMainMenuEnabled: false
09:22:25.772 [FXGL Background Thread 3 ] DEBUG Engine               - isManualResizeEnabled: false
09:22:25.772 [FXGL Background Thread 3 ] DEBUG Engine               - isMobile: false
09:22:25.772 [FXGL Background Thread 3 ] DEBUG Engine               - isNative: false
09:22:25.772 [FXGL Background Thread 3 ] DEBUG Engine               - isPauseMusicWhenMinimized: true
09:22:25.773 [FXGL Background Thread 3 ] DEBUG Engine               - isPreserveResizeRatio: false
09:22:25.773 [FXGL Background Thread 3 ] DEBUG Engine               - isProfilingEnabled: false
09:22:25.773 [FXGL Background Thread 3 ] DEBUG Engine               - isScaleAffectedOnResize: true
09:22:25.773 [FXGL Background Thread 3 ] DEBUG Engine               - isSingleStep: false
09:22:25.773 [FXGL Background Thread 3 ] DEBUG Engine               - isUserProfileEnabled: false
09:22:25.773 [FXGL Background Thread 3 ] DEBUG Engine               - isWindows: true
09:22:25.773 [FXGL Background Thread 3 ] DEBUG Engine               - language: ObjectProperty [value: ENGLISH]
09:22:25.773 [FXGL Background Thread 3 ] DEBUG Engine               - menuKey: ESCAPE
09:22:25.773 [FXGL Background Thread 3 ] DEBUG Engine               - mouseSensitivity: 0.2
09:22:25.774 [FXGL Background Thread 3 ] DEBUG Engine               - notificationViewClass: class com.almasb.fxgl.notification.view.XboxNotificationView
09:22:25.774 [FXGL Background Thread 3 ] DEBUG Engine               - pixelsPerMeter: 50.0
09:22:25.774 [FXGL Background Thread 3 ] DEBUG Engine               - platform: WINDOWS
09:22:25.774 [FXGL Background Thread 3 ] DEBUG Engine               - prefHeightProperty: ReadOnlyDoubleProperty [value: 800.0]
09:22:25.774 [FXGL Background Thread 3 ] DEBUG Engine               - prefWidthProperty: ReadOnlyDoubleProperty [value: 800.0]
09:22:25.774 [FXGL Background Thread 3 ] DEBUG Engine               - profileDir: profiles/
09:22:25.774 [FXGL Background Thread 3 ] DEBUG Engine               - profileName: StringProperty [value: DEFAULT]
09:22:25.774 [FXGL Background Thread 3 ] DEBUG Engine               - randomSeed: -1
09:22:25.775 [FXGL Background Thread 3 ] DEBUG Engine               - runtimeInfo: RuntimeInfo(platform=WINDOWS, version=25, build=05.02.2026 22.57)
09:22:25.775 [FXGL Background Thread 3 ] DEBUG Engine               - saveFileExt: sav
09:22:25.775 [FXGL Background Thread 3 ] DEBUG Engine               - scaledHeightProp$fxgl: DoubleProperty [bound, value: 800.0]
09:22:25.775 [FXGL Background Thread 3 ] DEBUG Engine               - scaledWidthProp$fxgl: DoubleProperty [bound, value: 800.0]
09:22:25.775 [FXGL Background Thread 3 ] DEBUG Engine               - sceneFactory: com.almasb.fxgl.app.scene.SceneFactory@504bdb3b
09:22:25.775 [FXGL Background Thread 3 ] DEBUG Engine               - secondsIn24h: 60
09:22:25.775 [FXGL Background Thread 3 ] DEBUG Engine               - soundMenuBack: menu/back.wav
09:22:25.775 [FXGL Background Thread 3 ] DEBUG Engine               - soundMenuPress: menu/press.wav
09:22:25.775 [FXGL Background Thread 3 ] DEBUG Engine               - soundMenuSelect: menu/select.wav
09:22:25.775 [FXGL Background Thread 3 ] DEBUG Engine               - soundNotification: core/notification.wav
09:22:25.775 [FXGL Background Thread 3 ] DEBUG Engine               - stageStyle: DECORATED
09:22:25.775 [FXGL Background Thread 3 ] DEBUG Engine               - supportedLanguages: [ENGLISH, FRENCH, GERMAN, HUNGARIAN, RUSSIAN]
09:22:25.775 [FXGL Background Thread 3 ] DEBUG Engine               - ticksPerSecond: -1
09:22:25.775 [FXGL Background Thread 3 ] DEBUG Engine               - title: Breakout - LBYCPOB OOP Sample
09:22:25.776 [FXGL Background Thread 3 ] DEBUG Engine               - urlGithub: https://github.com/AlmasB/FXGL
09:22:25.776 [FXGL Background Thread 3 ] DEBUG Engine               - urlLeaderboard: http://fxgl-top.herokuapp.com/
09:22:25.776 [FXGL Background Thread 3 ] DEBUG Engine               - urlPOM: https://raw.githubusercontent.com/AlmasB/FXGL/release/README.md
09:22:25.776 [FXGL Background Thread 3 ] DEBUG Engine               - userAppClass: class ph.edu.dlsu.lbycpob.breakoutfxgl.app.BreakoutApp
09:22:25.776 [FXGL Background Thread 3 ] DEBUG Engine               - version: 3.0
09:22:25.776 [FXGL Background Thread 3 ] DEBUG Engine               - versionCheckDays: 7
09:22:25.776 [FXGL Background Thread 3 ] DEBUG Engine               - width: 800
09:22:25.776 [FXGL Background Thread 3 ] DEBUG Engine               - Logging services
09:22:25.776 [FXGL Background Thread 3 ] DEBUG Engine               - class com.almasb.fxgl.app.services.FXGLAssetLoaderService
09:22:25.776 [FXGL Background Thread 3 ] DEBUG Engine               - class com.almasb.fxgl.app.FXGLApplication$GameApplicationService
09:22:25.776 [FXGL Background Thread 3 ] DEBUG Engine               - class com.almasb.fxgl.app.services.FXGLDialogService
09:22:25.776 [FXGL Background Thread 3 ] DEBUG Engine               - class com.almasb.fxgl.app.services.IOTaskExecutorService
09:22:25.777 [FXGL Background Thread 3 ] DEBUG Engine               - class com.almasb.fxgl.io.FileSystemService
09:22:25.777 [FXGL Background Thread 3 ] DEBUG Engine               - class com.almasb.fxgl.localization.LocalizationService
09:22:25.777 [FXGL Background Thread 3 ] DEBUG Engine               - class com.almasb.fxgl.app.services.SystemBundleService
09:22:25.778 [FXGL Background Thread 3 ] DEBUG Engine               - class com.almasb.fxgl.profile.SaveLoadService
09:22:25.778 [FXGL Background Thread 3 ] DEBUG Engine               - class com.almasb.fxgl.ui.FXGLUIFactoryServiceProvider
09:22:25.778 [FXGL Background Thread 3 ] DEBUG Engine               - class com.almasb.fxgl.ui.FXGLDialogFactoryServiceProvider
09:22:25.778 [FXGL Background Thread 3 ] DEBUG Engine               - class com.almasb.fxgl.audio.AudioPlayer
09:22:25.778 [FXGL Background Thread 3 ] DEBUG Engine               - class com.almasb.fxgl.notification.impl.NotificationServiceProvider
09:22:25.778 [FXGL Background Thread 3 ] DEBUG Engine               - class com.almasb.fxgl.achievement.AchievementService
09:22:25.778 [FXGL Background Thread 3 ] DEBUG Engine               - class com.almasb.fxgl.cutscene.CutsceneService
09:22:25.778 [FXGL Background Thread 3 ] DEBUG Engine               - class com.almasb.fxgl.minigames.MiniGameService
09:22:25.778 [FXGL Background Thread 3 ] DEBUG Engine               - class com.almasb.fxgl.net.NetService
09:22:25.778 [FXGL Background Thread 3 ] DEBUG Engine               - class com.almasb.fxgl.app.services.UpdaterService
09:22:25.778 [FXGL Background Thread 3 ] DEBUG Engine               - class com.almasb.fxgl.dev.DevService
09:22:35.755 [JavaFX Application Thread] DEBUG FXGLApplication      - Exiting FXGL
09:22:35.756 [JavaFX Application Thread] DEBUG LoopRunner           - Stopping loop
09:22:35.756 [JavaFX Application Thread] DEBUG SystemBundleService  - Saving FXGL system data
09:22:35.757 [JavaFX Application Thread] DEBUG FileSystemAccess     - Writing to: C:\Users\ECE\IdeaProjects\BreakoutFXGL\system\fxgl.bundle
09:22:35.759 [JavaFX Application Thread] DEBUG Async                - Shutting down background threads
09:22:35.759 [JavaFX Application Thread] DEBUG PrimaryStageWindow   - Closing main window
09:22:35.792 [JavaFX Application Thread] DEBUG Logger               - Closing Logger
